 lazarus

 Timestamp is 5755eba3 (Mon Jun 06 23:31:15 2016)

 Preferred load address is 00400000

 Start         Length     Name                   Class
 0001:00000000 00000236H .text                   CODE
 0001:00000240 00002e4aH .text$di                CODE
 0001:00003090 00021c40H .text$mn                CODE
 0001:00024cd0 00000814H .text$yd                CODE
 0002:00000000 000003ccH .idata$5                DATA
 0002:000003cc 00000004H .CRT$XCA                DATA
 0002:000003d0 00000004H .CRT$XCAA               DATA
 0002:000003d4 00000280H .CRT$XCU                DATA
 0002:00000654 00000004H .CRT$XCZ                DATA
 0002:00000658 00000004H .CRT$XIA                DATA
 0002:0000065c 00000004H .CRT$XIAA               DATA
 0002:00000660 00000004H .CRT$XIC                DATA
 0002:00000664 00000004H .CRT$XIY                DATA
 0002:00000668 00000004H .CRT$XIZ                DATA
 0002:00000670 00003018H .rdata                  DATA
 0002:00003688 00000064H .rdata$debug            DATA
 0002:000036ec 00000004H .rtc$IAA                DATA
 0002:000036f0 00000004H .rtc$IZZ                DATA
 0002:000036f4 00000004H .rtc$TAA                DATA
 0002:000036f8 00000004H .rtc$TZZ                DATA
 0002:00003700 0000005cH .xdata$x                DATA
 0002:0000375c 00000000H .edata                  DATA
 0002:0000375c 000000dcH .idata$2                DATA
 0002:00003838 00000014H .idata$3                DATA
 0002:0000384c 000003ccH .idata$4                DATA
 0002:00003c18 00000cdeH .idata$6                DATA
 0003:00000000 00000360H .data                   DATA
 0003:00000360 000d181cH .bss                    DATA
 0004:00000000 00000058H .rsrc$01                DATA
 0004:00000060 00000180H .rsrc$02                DATA

  Address         Publics by Value              Rva+Base       Lib:Object

 0000:00000000       ___guard_flags             00000000     <absolute>
 0000:00000000       ___guard_fids_table        00000000     <absolute>
 0000:00000000       ___guard_fids_count        00000000     <absolute>
 0000:00000000       ___safe_se_handler_table   00000000     <absolute>
 0000:00000000       __except_list              00000000     <absolute>
 0000:00000000       ___safe_se_handler_count   00000000     <absolute>
 0000:00009876       __fltused                  00009876     <absolute>
 0000:00009876       __ldused                   00009876     <absolute>
 0000:00000000       ___ImageBase               00400000     <linker-defined>
 0001:00000000       _gzgetc@4                  00401000 f   zlib:zlib.dll
 0001:00000006       _gzeof@4                   00401006 f   zlib:zlib.dll
 0001:0000000c       _gzread@12                 0040100c f   zlib:zlib.dll
 0001:00000012       _gzwrite@12                00401012 f   zlib:zlib.dll
 0001:00000018       _gzputc@8                  00401018 f   zlib:zlib.dll
 0001:0000001e       _gzclose@4                 0040101e f   zlib:zlib.dll
 0001:00000024       _gzopen@8                  00401024 f   zlib:zlib.dll
 0001:00000030       _main                      00401030 f   SDLmain:SDL_win32_main.obj
 0001:00000230       _IMG_Load                  00401230 f   SDL_image:SDL_image.dll
 0001:00003090       ??0?$vector@U?$vector@H@@@@QAE@XZ 00404090 f i client.obj
 0001:00003110       ?add@?$vector@U?$vector@H@@@@QAEAAU?$vector@H@@XZ 00404110 f i client.obj
 0001:00003190       ?setsize@?$vector@U?$vector@H@@@@QAEXH@Z 00404190 f i client.obj
 0001:00003210       ?add@?$vector@H@@QAEAAHABH@Z 00404210 f i client.obj
 0001:00003210       ?add@?$vector@PAD@@QAEAAPADABQAD@Z 00404210 f i console.obj
 0001:00003210       ?add@?$vector@PAUblock@@@@QAEAAPAUblock@@ABQAU2@@Z 00404210 f i editing.obj
 0001:00003260       ??0?$vector@PAUdynent@@@@QAE@XZ 00404260 f i clientgame.obj
 0001:00003260       ??0?$vector@H@@QAE@XZ      00404260 f i client.obj
 0001:00003260       ??0?$vector@PAD@@QAE@XZ    00404260 f i console.obj
 0001:00003260       ??0?$vector@PAUblock@@@@QAE@XZ 00404260 f i editing.obj
 0001:000032d0       ??Rsprintf_s_f@@QAAXPBDZZ  004042d0 f i client.obj
 0001:00003300       ?add@?$vector@Usline@@@@QAEAAUsline@@XZ 00404300 f i clientextras.obj
 0001:00003370       ?strcat_s@@YAXPADPBD@Z     00404370 f i clientextras.obj
 0001:000033b0       ?add@?$vector@Uentity@@@@QAEAAUentity@@XZ 004043b0 f i clients2c.obj
 0001:00003430       ??0?$hashtable@Uident@@@@QAE@XZ 00404430 f i command.obj
 0001:000034e0       ?access@?$hashtable@Uident@@@@QAEPAUident@@PADPAU2@@Z 004044e0 f i command.obj
 0001:00003610       ?newstring@@YAPADPAD@Z     00404610 f i command.obj
 0001:00003640       ??0?$vector@Ucline@@@@QAE@XZ 00404640 f i console.obj
 0001:000036b0       ?insert@?$vector@Ucline@@@@QAEAAUcline@@HABU2@@Z 004046b0 f i console.obj
 0001:00003710       ?add@?$vector@Ucline@@@@QAEAAUcline@@ABU2@@Z 00404710 f i console.obj
 0001:00003790       ??0?$vector@Uentity@@@@QAE@XZ 00404790 f i entities.obj
 0001:00003800       ??0?$vector@Ugmenu@@@@QAE@XZ 00404800 f i menus.obj
 0001:00003880       ?add@?$vector@Ugmenu@@@@QAEAAUgmenu@@XZ 00404880 f i menus.obj
 0001:00003920       ??0?$vector@Umitem@@@@QAE@XZ 00404920 f i menus.obj
 0001:00003990       ?setsize@?$vector@Ugmenu@@@@QAEXH@Z 00404990 f i menus.obj
 0001:00003a20       ??0?$vector@Ustrip@@@@QAE@XZ 00404a20 f i rendergl.obj
 0001:00003a90       ?add@?$vector@Ustrip@@@@QAEAAUstrip@@XZ 00404a90 f i rendergl.obj
 0001:00003b00       ??0?$vector@PAUmd2@@@@QAE@XZ 00404b00 f i rendermd2.obj
 0001:00003b70       ?add@?$vector@PAUmd2@@@@QAEAAPAUmd2@@ABQAU2@@Z 00404b70 f i rendermd2.obj
 0001:00003be0       ??0?$hashtable@PAUmd2@@@@QAE@XZ 00404be0 f i rendermd2.obj
 0001:00003c90       ?access@?$hashtable@PAUmd2@@@@QAEPAPAUmd2@@PADPAPAU2@@Z 00404c90 f i rendermd2.obj
 0001:00003d90       ??0?$vector@Userver_entity@@@@QAE@XZ 00404d90 f i server.obj
 0001:00003e00       ??0?$vector@Uresolverthread@@@@QAE@XZ 00404e00 f i serverbrowser.obj
 0001:00003e70       ??0?$vector@Uresolverresult@@@@QAE@XZ 00404e70 f i serverbrowser.obj
 0001:00003ee0       ?add@?$vector@Userverinfo@@@@QAEAAUserverinfo@@ABU2@@Z 00404ee0 f i serverbrowser.obj
 0001:00003f70       ??0?$vector@PAUMix_Chunk@@@@QAE@XZ 00404f70 f i sound.obj
 0001:00003fe0       ?add@?$vector@Uentity@@@@QAEAAUentity@@ABU2@@Z 00404fe0 f i world.obj
 0001:00004090       ?ma@@YAMMM@Z               00405090 f i worldocull.obj
 0001:000040bc       _free                      004050bc f   msvcrt:MSVCR120.dll
 0001:000040c2       _malloc                    004050c2 f   msvcrt:MSVCR120.dll
 0001:000040c8       _rand                      004050c8 f   msvcrt:MSVCR120.dll
 0001:000040ce       ___atonexitinit            004050ce f   msvcrt:atonexit.obj
 0001:0000410a       __onexit                   0040510a f   msvcrt:atonexit.obj
 0001:000041b3       _atexit                    004051b3 f   msvcrt:atonexit.obj
 0001:00004431       _mainCRTStartup            00405431 f   msvcrt:crtexe.obj
 0001:0000443c       __lock                     0040543c f   msvcrt:MSVCR120.dll
 0001:00004442       __unlock                   00405442 f   msvcrt:MSVCR120.dll
 0001:00004448       ___dllonexit               00405448 f   msvcrt:MSVCR120.dll
 0001:00004450       __SEH_prolog4              00405450 f   msvcrt:sehprolg4.obj
 0001:00004495       __SEH_epilog4              00405495 f   msvcrt:sehprolg4.obj
 0001:000044a9       __except_handler4          004054a9 f   msvcrt:chandler4gs.obj
 0001:000044cc       ?__CxxUnhandledExceptionFilter@@YGJPAU_EXCEPTION_POINTERS@@@Z 004054cc f   msvcrt:unhandld.obj
 0001:0000450d       ___CxxSetUnhandledExceptionFilter 0040550d f   msvcrt:unhandld.obj
 0001:0000451c       __XcptFilter               0040551c f   msvcrt:MSVCR120.dll
 0001:00004522       __amsg_exit                00405522 f   msvcrt:MSVCR120.dll
 0001:00004530       __FindPESection            00405530 f   msvcrt:pesect.obj
 0001:00004580       __IsNonwritableInCurrentImage 00405580 f   msvcrt:pesect.obj
 0001:00004640       __ValidateImageBase        00405640 f   msvcrt:pesect.obj
 0001:00004671       ___security_init_cookie    00405671 f   msvcrt:gs_support.obj
 0001:0000470d       __matherr                  0040570d f   msvcrt:merr.obj
 0001:0000470d       __setargv                  0040570d f   msvcrt:dllargv.obj
 0001:00004710       __RTC_Initialize           00405710 f   msvcrt:initsect.obj
 0001:00004730       __RTC_Terminate            00405730 f   msvcrt:initsect.obj
 0001:00004750       __setdefaultprecision      00405750 f   msvcrt:fp8.obj
 0001:00004778       __initterm_e               00405778 f   msvcrt:MSVCR120.dll
 0001:0000477e       __initterm                 0040577e f   msvcrt:MSVCR120.dll
 0001:00004784       @__security_check_cookie@4 00405784 f   msvcrt:secchk.obj
 0001:00004794       __except_handler4_common   00405794 f   msvcrt:MSVCR120.dll
 0001:0000479a       ?terminate@@YAXXZ          0040579a f   msvcrt:MSVCR120.dll
 0001:000047a0       ___crtSetUnhandledExceptionFilter 004057a0 f   msvcrt:MSVCR120.dll
 0001:000047a6       __invoke_watson            004057a6 f   msvcrt:MSVCR120.dll
 0001:000047ac       __controlfp_s              004057ac f   msvcrt:MSVCR120.dll
 0001:000047b2       ___raise_securityfailure   004057b2 f   msvcrt:gs_report.obj
 0001:000047ef       ___report_gsfailure        004057ef f   msvcrt:gs_report.obj
 0001:000048ea       __crt_debugger_hook        004058ea f   msvcrt:MSVCR120.dll
 0001:000048f0       ___crtUnhandledException   004058f0 f   msvcrt:MSVCR120.dll
 0001:000048f6       ___crtTerminateProcess     004058f6 f   msvcrt:MSVCR120.dll
 0001:000048fc       _SDL_Quit                  004058fc f   SDL:SDL.dll
 0001:00004902       _SDL_GetError              00405902 f   SDL:SDL.dll
 0001:00004908       _SDL_Init                  00405908 f   SDL:SDL.dll
 0001:0000490e       _SDL_SetModuleHandle       0040590e f   SDL:SDL.dll
 0001:00004914       _IsProcessorFeaturePresent@4 00405914 f   kernel32:KERNEL32.dll
 0001:00004920       __alloca_probe             00405920 f   msvcrt:chkstk.obj
 0001:00004920       __chkstk                   00405920 f   msvcrt:chkstk.obj
 0001:00004950       _enet_rand                 00405950 f   callbacks.obj
 0001:00004960       _enet_free                 00405960 f   callbacks.obj
 0001:00004970       _enet_malloc               00405970 f   callbacks.obj
 0001:00004980       _enet_host_bandwidth_throttle 00405980 f   host.obj
 0001:00004d00       _enet_host_bandwidth_limit 00405d00 f   host.obj
 0001:00004d20       _enet_host_broadcast       00405d20 f   host.obj
 0001:00004ee0       _enet_host_connect         00405ee0 f   host.obj
 0001:00005090       _enet_host_destroy         00406090 f   host.obj
 0001:000051e0       _enet_host_create          004061e0 f   host.obj
 0001:00005370       _enet_list_remove          00406370 f   list.obj
 0001:00005390       _enet_list_insert          00406390 f   list.obj
 0001:000053a0       _enet_list_clear           004063a0 f   list.obj
 0001:000053b0       _enet_packet_resize        004063b0 f   packet.obj
 0001:00005400       _enet_packet_create        00406400 f   packet.obj
 0001:00005460       _enet_packet_destroy       00406460 f   packet.obj
 0001:00005480       _enet_peer_queue_incoming_command 00406480 f   peer.obj
 0001:000055f0       _enet_peer_queue_acknowledgement 004065f0 f   peer.obj
 0001:00005660       _enet_peer_disconnect      00406660 f   peer.obj
 0001:000056e0       _enet_peer_ping            004066e0 f   peer.obj
 0001:00005720       _enet_peer_reset_queues    00406720 f   peer.obj
 0001:000058b0       _enet_peer_receive         004068b0 f   peer.obj
 0001:000059b0       _enet_peer_throttle        004069b0 f   peer.obj
 0001:00005a10       _enet_peer_throttle_configure 00406a10 f   peer.obj
 0001:00005a80       _enet_peer_reset           00406a80 f   peer.obj
 0001:00005b80       _enet_peer_queue_outgoing_command 00406b80 f   peer.obj
 0001:00005ca0       _enet_peer_send            00406ca0 f   peer.obj
 0001:00005e20       _enet_host_service         00406e20 f   protocol.obj
 0001:000078d0       _enet_host_flush           004088d0 f   protocol.obj
 0001:00007900       _enet_socket_connect       00408900 f   win32.obj
 0001:00007950       _enet_address_get_host     00408950 f   win32.obj
 0001:00007990       _enet_address_set_host     00408990 f   win32.obj
 0001:000079c0       _enet_deinitialize         004089c0 f   win32.obj
 0001:000079d0       _enet_socket_receive       004089d0 f   win32.obj
 0001:00007a70       _enet_socket_wait          00408a70 f   win32.obj
 0001:00007b50       _enet_socket_send          00408b50 f   win32.obj
 0001:00007bd0       _enet_time_get             00408bd0 f   win32.obj
 0001:00007be0       _enet_socket_create        00408be0 f   win32.obj
 0001:00007cf0       _enet_socket_destroy       00408cf0 f   win32.obj
 0001:00007d00       _enet_initialize           00408d00 f   win32.obj
 0001:00007d50       ?gets2c@@YAXXZ             00408d50 f   client.obj
 0001:00007ec0       ?c2sinfo@@YAXPAUdynent@@@Z 00408ec0 f   client.obj
 0001:00008340       ?sendpackettoserv@@YAXPAX@Z 00409340 f   client.obj
 0001:000083a0       ?initclientnet@@YAXXZ      004093a0 f   client.obj
 0001:00008410       ?netmapstart@@YA_NXZ       00409410 f   client.obj
 0001:00008430       ?password@@YAXPAD@Z        00409430 f   client.obj
 0001:00008450       ?server_err@@YAXXZ         00409450 f   client.obj
 0001:00008470       ?addmsg@@YAXHHHZZ          00409470 f   client.obj
 0001:000085d0       ?echo@@YAXPAD@Z            004095d0 f   client.obj
 0001:000085f0       ?toserver@@YAXPAD@Z        004095f0 f   client.obj
 0001:00008630       ?trydisconnect@@YAXXZ      00409630 f   client.obj
 0001:00008690       ?disconnect@@YAXHH@Z       00409690 f   client.obj
 0001:00008850       ?connects@@YAXPAD@Z        00409850 f   client.obj
 0001:00008950       ?writeclientinfo@@YAXPAU_iobuf@@@Z 00409950 f   client.obj
 0001:00008980       ?newteam@@YAXPAD@Z         00409980 f   client.obj
 0001:000089b0       ?newname@@YAXPAD@Z         004099b0 f   client.obj
 0001:000089e0       ?throttle@@YAXXZ           004099e0 f   client.obj
 0001:00008a10       ?var_throttle_decel@@YAXXZ 00409a10 f   client.obj
 0001:00008a40       ?var_throttle_accel@@YAXXZ 00409a40 f   client.obj
 0001:00008a70       ?var_throttle_interval@@YAXXZ 00409a70 f   client.obj
 0001:00008aa0       ?var_rate@@YAXXZ           00409aa0 f   client.obj
 0001:00008ad0       ?allowedittoggle@@YA_NXZ   00409ad0 f   client.obj
 0001:00008b00       ?multiplayer@@YA_NXZ       00409b00 f   client.obj
 0001:00008b30       ?getclientnum@@YAHXZ       00409b30 f   client.obj
 0001:00008b40       ?getmap@@YAXXZ             00409b40 f   clientextras.obj
 0001:00008c60       ?sendmap@@YAXPAD@Z         00409c60 f   clientextras.obj
 0001:00008e50       ?renderscores@@YAXXZ       00409e50 f   clientextras.obj
 0001:00009070       ?addteamscore@@YAXPAUdynent@@@Z 0040a070 f   clientextras.obj
 0001:00009110       ?renderscore@@YAXPAUdynent@@@Z 0040a110 f   clientextras.obj
 0001:000091d0       ?showscores@@YAX_N@Z       0040a1d0 f   clientextras.obj
 0001:00009220       ?renderclients@@YAXXZ      0040a220 f   clientextras.obj
 0001:000092d0       ?renderclient@@YAXPAUdynent@@_NPAD1M@Z 0040a2d0 f   clientextras.obj
 0001:000094f0       ?startmap@@YAXPAD@Z        0040a4f0 f   clientgame.obj
 0001:00009690       ?initclient@@YAXXZ         0040a690 f   clientgame.obj
 0001:000096a0       ?getclient@@YAPAUdynent@@H@Z 0040a6a0 f   clientgame.obj
 0001:00009760       ?timeupdate@@YAXH@Z        0040a760 f   clientgame.obj
 0001:000097a0       ?selfdamage@@YAXHHPAUdynent@@@Z 0040a7a0 f   clientgame.obj
 0001:000099d0       ?mousemove@@YAXHH@Z        0040a9d0 f   clientgame.obj
 0001:00009af0       ?fixplayer1range@@YAXXZ    0040aaf0 f   clientgame.obj
 0001:00009b70       ?jumpn@@YAX_N@Z            0040ab70 f   clientgame.obj
 0001:00009b90       ?attack@@YAX_N@Z           0040ab90 f   clientgame.obj
 0001:00009c00       ?right@@YAX_N@Z            0040ac00 f   clientgame.obj
 0001:00009c40       ?left@@YAX_N@Z             0040ac40 f   clientgame.obj
 0001:00009c80       ?forward@@YAX_N@Z          0040ac80 f   clientgame.obj
 0001:00009cc0       ?backward@@YAX_N@Z         0040acc0 f   clientgame.obj
 0001:00009d00       ?spawnplayer@@YAXPAUdynent@@@Z 0040ad00 f   clientgame.obj
 0001:00009e60       ?entinmap@@YAXPAUdynent@@@Z 0040ae60 f   clientgame.obj
 0001:00009f40       ?updateworld@@YAXH@Z       0040af40 f   clientgame.obj
 0001:0000a110       ?sleepf@@YAXPAD0@Z         0040b110 f   clientgame.obj
 0001:0000a150       ?respawn@@YAXXZ            0040b150 f   clientgame.obj
 0001:0000a1c0       ?otherplayers@@YAXXZ       0040b1c0 f   clientgame.obj
 0001:0000a230       ?arenarespawn@@YAXXZ       0040b230 f   clientgame.obj
 0001:0000a400       ?arenacount@@YAXPAUdynent@@AAH1AAPADAA_N@Z 0040b400 f   clientgame.obj
 0001:0000a460       ?respawnself@@YAXXZ        0040b460 f   clientgame.obj
 0001:0000a480       ?newdynent@@YAPAUdynent@@XZ 0040b480 f   clientgame.obj
 0001:0000a540       ?spawnstate@@YAXPAUdynent@@@Z 0040b540 f   clientgame.obj
 0001:0000a620       ?resetmovement@@YAXPAUdynent@@@Z 0040b620 f   clientgame.obj
 0001:0000a640       ?mode@@YAXH@Z              0040b640 f   clientgame.obj
 0001:0000a660       ?getclientmap@@YAPADXZ     0040b660 f   clientgame.obj
 0001:0000a670       ?zapdynent@@YAXAAPAUdynent@@@Z 0040b670 f   clientgame.obj
 0001:0000a6a0       ?updatepos@@YAXPAUdynent@@@Z 0040b6a0 f   clients2c.obj
 0001:0000a7a0       ?changemapserv@@YAXPADH@Z  0040b7a0 f   clients2c.obj
 0001:0000a7b0       ?neterr@@YAXPAD@Z          0040b7b0 f   clients2c.obj
 0001:0000a7d0       ?changemap@@YAXPAD@Z       0040b7d0 f   clients2c.obj
 0001:0000a7f0       ?localservertoclient@@YAXPAEH@Z 0040b7f0 f   clients2c.obj
 0001:0000b810       ?explastmillis@@YAHXZ      0040c810 f   command.obj
 0001:0000b820       ?rndn@@YAHH@Z              0040c820 f   command.obj
 0001:0000b840       ?strcmpa@@YAHPAD0@Z        0040c840 f   command.obj
 0001:0000b880       ?gt@@YAHHH@Z               0040c880 f   command.obj
 0001:0000b890       ?lt@@YAHHH@Z               0040c890 f   command.obj
 0001:0000b8a0       ?equal@@YAHHH@Z            0040c8a0 f   command.obj
 0001:0000b8b0       ?mod@@YAHHH@Z              0040c8b0 f   command.obj
 0001:0000b8d0       ?divi@@YAHHH@Z             0040c8d0 f   command.obj
 0001:0000b8f0       ?sub@@YAHHH@Z              0040c8f0 f   command.obj
 0001:0000b900       ?mul@@YAHHH@Z              0040c900 f   command.obj
 0001:0000b910       ?add@@YAHHH@Z              0040c910 f   command.obj
 0001:0000b920       ?at@@YAXPAD0@Z             0040c920 f   command.obj
 0001:0000b980       ?listlen@@YAHPAD@Z         0040c980 f   command.obj
 0001:0000b9b0       ?concatword@@YAXPAD@Z      0040c9b0 f   command.obj
 0001:0000b9e0       ?concat@@YAXPAD@Z          0040c9e0 f   command.obj
 0001:0000ba00       ?onrelease@@YAX_NPAD@Z     0040ca00 f   command.obj
 0001:0000ba20       ?whilea@@YAXPAD0@Z         0040ca20 f   command.obj
 0001:0000ba50       ?loopa@@YAXPAD0@Z          0040ca50 f   command.obj
 0001:0000bac0       ?ifthen@@YAXPAD00@Z        0040cac0 f   command.obj
 0001:0000bae0       ?intset@@YAXPADH@Z         0040cae0 f   command.obj
 0001:0000bb20       ?writecfg@@YAXXZ           0040cb20 f   command.obj
 0001:0000bc90       ?exec@@YAXPAD@Z            0040cc90 f   command.obj
 0001:0000bcb0       ?execfile@@YA_NPAD@Z       0040ccb0 f   command.obj
 0001:0000bdb0       ?complete@@YAXPAD@Z        0040cdb0 f   command.obj
 0001:0000bf70       ?resetcomplete@@YAXXZ      0040cf70 f   command.obj
 0001:0000bf80       ?lookup@@YAPADPAD@Z        0040cf80 f   command.obj
 0001:0000c010       ?parseword@@YAPADAAPAD@Z   0040d010 f   command.obj
 0001:0000c0d0       ?parseexp@@YAPADAAPADH@Z   0040d0d0 f   command.obj
 0001:0000c190       ?identexists@@YA_NPAD@Z    0040d190 f   command.obj
 0001:0000c1a0       ?getvar@@YAHPAD@Z          0040d1a0 f   command.obj
 0001:0000c1b0       ?alias@@YAXPAD0@Z          0040d1b0 f   command.obj
 0001:0000c290       ?exchangestr@@YAPADPAD0@Z  0040d290 f   command.obj
 0001:0000c300       ?itoa@@YAXPADH@Z           0040d300 f   command.obj
 0001:0000c320       ?getalias@@YAPADPAD@Z      0040d320 f   command.obj
 0001:0000c340       ?execute@@YAHPAD_N@Z       0040d340 f   command.obj
 0001:0000cb90       ?setvar@@YAXPADH@Z         0040db90 f   command.obj
 0001:0000cbb0       ?variable@@YAHPADHHHPAHP6AXXZ_N@Z 0040dbb0 f   command.obj
 0001:0000cc40       ?addcommand@@YA_NPADP6AXXZH@Z 0040dc40 f   command.obj
 0001:0000cce0       ?getcurcommand@@YAPADXZ    0040dce0 f   console.obj
 0001:0000cd00       ?keypress@@YAXH_NH@Z       0040dd00 f   console.obj
 0001:0000cfb0       ?history@@YAXH@Z           0040dfb0 f   console.obj
 0001:0000cff0       ?pasteconsole@@YAXXZ       0040dff0 f   console.obj
 0001:0000d060       ?mapmsg@@YAXPAD@Z          0040e060 f   console.obj
 0001:0000d080       ?saycommand@@YAXPAD@Z      0040e080 f   console.obj
 0001:0000d0f0       ?bindkey@@YAXPAD0@Z        0040e0f0 f   console.obj
 0001:0000d1b0       ?keymap@@YAXPAD00@Z        0040e1b0 f   console.obj
 0001:0000d240       ?renderconsole@@YAXXZ      0040e240 f   console.obj
 0001:0000d2f0       ?conline@@YAXPBD_N@Z       0040e2f0 f   console.obj
 0001:0000d3d0       ?setconskip@@YAXH@Z        0040e3d0 f   console.obj
 0001:0000d3f0       ?writebinds@@YAXPAU_iobuf@@@Z 0040e3f0 f   console.obj
 0001:0000d440       ?conoutf@@YAXPBDZZ         0040e440 f   console.obj
 0001:0000d500       ?newent@@YAXPAD0000@Z      0040e500 f   editing.obj
 0001:0000d5b0       ?edittag@@YAXH@Z           0040e5b0 f   editing.obj
 0001:0000d690       ?var_fullbright@@YAXXZ     0040e690 f   editing.obj
 0001:0000d6e0       ?slope@@YAXHH@Z            0040e6e0 f   editing.obj
 0001:0000d8a0       ?arch@@YAXHH@Z             0040e8a0 f   editing.obj
 0001:0000da90       ?archvertex@@YAXHHH@Z      0040ea90 f   editing.obj
 0001:0000dae0       ?setvdelta@@YAXH@Z         0040eae0 f   editing.obj
 0001:0000db60       ?equalize@@YAXH@Z          0040eb60 f   editing.obj
 0001:0000dbf0       ?corner@@YAXXZ             0040ebf0 f   editing.obj
 0001:0000dc00       ?solid@@YAXH@Z             0040ec00 f   editing.obj
 0001:0000dc20       ?heightfield@@YAXH@Z       0040ec20 f   editing.obj
 0001:0000dc40       ?edittype@@YAXH@Z          0040ec40 f   editing.obj
 0001:0000dd10       ?replace@@YAXXZ            0040ed10 f   editing.obj
 0001:0000de70       ?edittex@@YAXHH@Z          0040ee70 f   editing.obj
 0001:0000df60       ?editheight@@YAXHH@Z       0040ef60 f   editing.obj
 0001:0000dff0       ?tofronttex@@YAXXZ         0040eff0 f   editing.obj
 0001:0000e040       ?paste@@YAXXZ              0040f040 f   editing.obj
 0001:0000e110       ?copy@@YAXXZ               0040f110 f   editing.obj
 0001:0000e1a0       ?editundo@@YAXXZ           0040f1a0 f   editing.obj
 0001:0000e220       ?makeundo@@YAXXZ           0040f220 f   editing.obj
 0001:0000e2a0       ?pruneundos@@YAXH@Z        0040f2a0 f   editing.obj
 0001:0000e330       ?cursorupdate@@YAXXZ       0040f330 f   editing.obj
 0001:0000e8d0       ?sheight@@YAMPAUsqr@@0M@Z  0040f8d0 f   editing.obj
 0001:0000e940       ?makesel@@YAXXZ            0040f940 f   editing.obj
 0001:0000ea10       ?selectpos@@YAXHHHH@Z      0040fa10 f   editing.obj
 0001:0000ea60       ?noselection@@YA_NXZ       0040fa60 f   editing.obj
 0001:0000ea90       ?noteditmode@@YA_NXZ       0040fa90 f   editing.obj
 0001:0000eac0       ?correctsel@@YAXXZ         0040fac0 f   editing.obj
 0001:0000eb40       ?edittypexy@@YAXHAAUblock@@@Z 0040fb40 f   editing.obj
 0001:0000eba0       ?setvdeltaxy@@YAXHAAUblock@@@Z 0040fba0 f   editing.obj
 0001:0000ec80       ?edittexxy@@YAXHHAAUblock@@@Z 0040fc80 f   editing.obj
 0001:0000ed30       ?editheightxy@@YAX_NHAAUblock@@@Z 0040fd30 f   editing.obj
 0001:0000ede0       ?editequalisexy@@YAX_NAAUblock@@@Z 0040fde0 f   editing.obj
 0001:0000ef00       ?editdrag@@YAX_N@Z         0040ff00 f   editing.obj
 0001:0000ef40       ?toggleedit@@YAXXZ         0040ff40 f   editing.obj
 0001:0000f000       ?pickup@@YAXHPAUdynent@@@Z 00410000 f   entities.obj
 0001:0000f270       ?teleport@@YAXHPAUdynent@@@Z 00410270 f   entities.obj
 0001:0000f3d0       ?additem@@YAXHAAHH@Z       004103d0 f   entities.obj
 0001:0000f430       ?radditem@@YAXHAAH@Z       00410430 f   entities.obj
 0001:0000f490       ?renderentities@@YAXXZ     00410490 f   entities.obj
 0001:0000f870       ?renderent@@YAXAAUentity@@PADMMHHHM@Z 00410870 f   entities.obj
 0001:0000f920       ?setspawn@@YAXI_N@Z        00410920 f   entities.obj
 0001:0000f940       ?realpickup@@YAXHPAUdynent@@@Z 00410940 f   entities.obj
 0001:0000fa20       ?checkquad@@YAXH@Z         00410a20 f   entities.obj
 0001:0000fa70       ?checkitems@@YAXXZ         00410a70 f   entities.obj
 0001:0000fbd0       ?resetspawns@@YAXXZ        00410bd0 f   entities.obj
 0001:0000fc00       ?putitems@@YAXAAPAE@Z      00410c00 f   entities.obj
 0001:0000fcc0       _SDL_main                  00410cc0 f   main.obj
 0001:00010420       ?var_gamespeed@@YAXXZ      00411420 f   main.obj
 0001:00010450       ?screenshot@@YAXXZ         00411450 f   main.obj
 0001:000105d0       ?alloc@@YAPAXH@Z           004115d0 f   main.obj
 0001:00010630       ?quit@@YAXXZ               00411630 f   main.obj
 0001:00010640       ?cleanup@@YAXPAD@Z         00411640 f   main.obj
 0001:000106f0       ?keyrepeat@@YAX_N@Z        004116f0 f   main.obj
 0001:00010710       ?fatal@@YAXPAD0@Z          00411710 f   main.obj
 0001:00010750       ?menuitem@@YAXPAD0@Z       00411750 f   menus.obj
 0001:000107f0       ?rendermenu@@YA_NXZ        004117f0 f   menus.obj
 0001:00010970       ?menucompare@@YAHPAUmitem@@0@Z 00411970 f   menus.obj
 0001:000109b0       ?showmenu@@YAXPAD@Z        004119b0 f   menus.obj
 0001:00010a60       ?newmenu@@YAXPAD@Z         00411a60 f   menus.obj
 0001:00010aa0       ?menukey@@YA_NH_N@Z        00411aa0 f   menus.obj
 0001:00010ba0       ?menuset@@YAXH@Z           00411ba0 f   menus.obj
 0001:00010bf0       ?menumanual@@YAXHHPAD@Z    00411bf0 f   menus.obj
 0001:00010c70       ?sortmenu@@YAXHH@Z         00411c70 f   menus.obj
 0001:00010c90       ?monsterrender@@YAXXZ      00411c90 f   monster.obj
 0001:00010ef0       ?endsp@@YAX_N@Z            00411ef0 f   monster.obj
 0001:00010f80       ?monsterpain@@YAXPAUdynent@@H0@Z 00411f80 f   monster.obj
 0001:000110d0       ?monsteraction@@YAXPAUdynent@@@Z 004120d0 f   monster.obj
 0001:000115a0       ?normalise@@YAXPAUdynent@@M@Z 004125a0 f   monster.obj
 0001:00011600       ?transition@@YAXPAUdynent@@HHHH@Z 00412600 f   monster.obj
 0001:00011660       ?enemylos@@YA_NPAUdynent@@AAUvec@@@Z 00412660 f   monster.obj
 0001:000116b0       ?los@@YA_NMMMMMMAAUvec@@@Z 004126b0 f   monster.obj
 0001:000118c0       ?basicmonster@@YAPAUdynent@@HHHHH@Z 004128c0 f   monster.obj
 0001:00011ac0       ?restoremonsterstate@@YAXXZ 00412ac0 f   monster.obj
 0001:00011b00       ?getmonsters@@YAAAU?$vector@PAUdynent@@@@XZ 00412b00 f   monster.obj
 0001:00011b10       ?var_skill@@YAXXZ          00412b10 f   monster.obj
 0001:00011b30       ?monsterthink@@YAXXZ       00412b30 f   monster.obj
 0001:00011d70       ?monsterclear@@YAXXZ       00412d70 f   monster.obj
 0001:00011ef0       ?moveplayer@@YAXPAUdynent@@H_NH@Z 00412ef0 f   physics.obj
 0001:00012650       ?rad@@YAMM@Z               00413650 f   physics.obj
 0001:00012670       ?mmcollide@@YAXPAUdynent@@AAM1@Z 00413670 f   physics.obj
 0001:000127d0       ?cornertest@@YA_NHHHHHAAH00@Z 004137d0 f   physics.obj
 0001:000128a0       ?plcollide@@YA_NPAUdynent@@0AAM11@Z 004138a0 f   physics.obj
 0001:000129b0       ?moveplayer@@YAXPAUdynent@@H_N@Z 004139b0 f   physics.obj
 0001:00012a20       ?physicsframe@@YAXXZ       00413a20 f   physics.obj
 0001:00012a70       ?collide@@YA_NPAUdynent@@_NMM@Z 00413a70 f   physics.obj
 0001:00013420       ?resetcubes@@YAXXZ         00414420 f   rendercubes.obj
 0001:00013480       ?addwaterquad@@YAXHHH@Z    00414480 f   rendercubes.obj
 0001:000134f0       ?renderwater@@YAHM@Z       004144f0 f   rendercubes.obj
 0001:00013c70       ?var_waterlevel@@YAXXZ     00414c70 f   rendercubes.obj
 0001:00013ca0       ?render_square@@YAXHMMMMHHHHHPAUsqr@@0_N@Z 00414ca0 f   rendercubes.obj
 0001:000140e0       ?render_tris@@YAXHHH_NPAUsqr@@11111@Z 004150e0 f   rendercubes.obj
 0001:000141a0       ?render_2tris@@YAXPAUsqr@@0HHHHHH000@Z 004151a0 f   rendercubes.obj
 0001:00014570       ?render_flatdelta@@YAXHHHHMMMMPAUsqr@@000_N@Z 00415570 f   rendercubes.obj
 0001:000149b0       ?render_flat@@YAXHHHHHPAUsqr@@000_N@Z 004159b0 f   rendercubes.obj
 0001:00014f80       ?finishstrips@@YAXXZ       00415f80 f   rendercubes.obj
 0001:00014fd0       ?mipstats@@YAXHHH@Z        00415fd0 f   rendercubes.obj
 0001:00014ff0       ?showmip@@YAXXZ            00415ff0 f   rendercubes.obj
 0001:00015000       ?reallocv@@YAXXZ           00416000 f   rendercubes.obj
 0001:00015090       ?setarraypointers@@YAXXZ   00416090 f   rendercubes.obj
 0001:000150e0       ?gl_drawhud@@YAXHHHHH_N@Z  004160e0 f   renderextras.obj
 0001:000157c0       ?invertperspective@@YAXXZ  004167c0 f   renderextras.obj
 0001:00015850       ?drawicon@@YAXMMHH@Z       00416850 f   renderextras.obj
 0001:00015970       ?depthcorrect@@YAMM@Z      00416970 f   renderextras.obj
 0001:000159a0       ?readmatrices@@YAXXZ       004169a0 f   renderextras.obj
 0001:000159e0       ?loadsky@@YAXPAD@Z         004169e0 f   renderextras.obj
 0001:00015b00       ?renderents@@YAXXZ         00416b00 f   renderextras.obj
 0001:00015c20       ?renderspheres@@YAXH@Z     00416c20 f   renderextras.obj
 0001:00015dd0       ?newsphere@@YAXAAUvec@@MH@Z 00416dd0 f   renderextras.obj
 0001:00015e40       ?blendbox@@YAXHHHH_N@Z     00416e40 f   renderextras.obj
 0001:00015f90       ?readdepth@@YAXHH@Z        00416f90 f   renderextras.obj
 0001:00016100       ?linestyle@@YAXMHHH@Z      00417100 f   renderextras.obj
 0001:00016130       ?box@@YAXAAUblock@@MMMM@Z  00417130 f   renderextras.obj
 0001:00016250       ?line@@YAXHHMHHM@Z         00417250 f   renderextras.obj
 0001:00016340       ?dot@@YAXHHM@Z             00417340 f   renderextras.obj
 0001:00016460       ?damageblend@@YAXH@Z       00417460 f   renderextras.obj
 0001:00016470       ?drawhudgun@@YAXMMH@Z      00417470 f   rendergl.obj
 0001:00016630       ?drawhudmodel@@YAXHHMH@Z   00417630 f   rendergl.obj
 0001:000166b0       ?transplayer@@YAXXZ        004176b0 f   rendergl.obj
 0001:000167b0       ?var_gamma@@YAXXZ          004177b0 f   rendergl.obj
 0001:000167f0       ?overbright@@YAXM@Z        004177f0 f   rendergl.obj
 0001:00016810       ?renderstrips@@YAXXZ       00417810 f   rendergl.obj
 0001:00016870       ?renderstripssky@@YAXXZ    00417870 f   rendergl.obj
 0001:000168d0       ?setupworld@@YAXXZ         004178d0 f   rendergl.obj
 0001:00016990       ?texture@@YAXPAD0@Z        00417990 f   rendergl.obj
 0001:00016a00       ?texturereset@@YAXXZ       00417a00 f   rendergl.obj
 0001:00016a10       ?purgetextures@@YAXXZ      00417a10 f   rendergl.obj
 0001:00016a30       ?addstrip@@YAXHHH@Z        00417a30 f   rendergl.obj
 0001:00016a50       ?lookuptexture@@YAHHAAH0@Z 00417a50 f   rendergl.obj
 0001:00016c50       ?cleangl@@YAXXZ            00417c50 f   rendergl.obj
 0001:00016c70       ?gl_init@@YAXHH@Z          00417c70 f   rendergl.obj
 0001:00016e20       ?installtex@@YA_NHPADAAH1_N@Z 00417e20 f   rendergl.obj
 0001:00017010       ?gl_drawframe@@YAXHHM@Z    00418010 f   rendergl.obj
 0001:000175a0       ?mapmodelreset@@YAXXZ      004185a0 f   rendermd2.obj
 0001:000175c0       ?mapmodel@@YAXPAD0000@Z    004185c0 f   rendermd2.obj
 0001:00017630       ?loadmodel@@YAPAUmd2@@PAD@Z 00418630 f   rendermd2.obj
 0001:00017710       ?delayedload@@YAXPAUmd2@@@Z 00418710 f   rendermd2.obj
 0001:000177f0       ?render@md2@@QAEXAAUvec@@HHMMMMMMMHH@Z 004187f0 f   rendermd2.obj
 0001:00017ad0       ?scale@md2@@QAEXHMH@Z      00418ad0 f   rendermd2.obj
 0001:00017c80       ?snap@@YAMHM@Z             00418c80 f   rendermd2.obj
 0001:00017cb0       ?load@md2@@QAE_NPAD@Z      00418cb0 f   rendermd2.obj
 0001:00017e10       ?getmminfo@@YAAAUmapmodelinfo@@H@Z 00418e10 f   rendermd2.obj
 0001:00017e30       ?rendermodel@@YAXPADHHHMMMMMM_NMMHH@Z 00418e30 f   rendermd2.obj
 0001:00018020       ?particle_trail@@YAXHHAAUvec@@0@Z 00419020 f   renderparticles.obj
 0001:000181f0       ?newparticle@@YAXAAUvec@@0HH@Z 004191f0 f   renderparticles.obj
 0001:00018270       ?render_particles@@YAXH@Z  00419270 f   renderparticles.obj
 0001:00018850       ?particle_splash@@YAXHHHAAUvec@@@Z 00419850 f   renderparticles.obj
 0001:000189a0       ?setorient@@YAXAAUvec@@0@Z 004199a0 f   renderparticles.obj
 0001:000189d0       ?gl_createshadercontext@@YAPAUGL_ShaderContext@@XZ 004199d0 f   rendershader.obj
 0001:00018bc0       ?gl_compileshaderprogram@@YA_NPAUGL_ShaderData@@@Z 00419bc0 f   rendershader.obj
 0001:00018cd0       ?gl_compileshader@@YA_NIPBD0@Z 00419cd0 f   rendershader.obj
 0001:00018d90       ?gl_extsupported@@YA_NPBD@Z 00419d90 f   rendershader.obj
 0001:00018db0       ?gl_initshader@@YAXXZ      00419db0 f   rendershader.obj
 0001:00018de0       ?draw_envbox_aux@@YAXMMHHHMMHHHMMHHHMMHHHH@Z 00419de0 f   rendertext.obj
 0001:00018f70       ?draw_envbox@@YAXHH@Z      00419f70 f   rendertext.obj
 0001:000191a0       ?draw_textf@@YAXPADHHHZZ   0041a1a0 f   rendertext.obj
 0001:00019200       ?text_width@@YAHPAD@Z      0041a200 f   rendertext.obj
 0001:00019270       ?draw_text@@YAXPADHHH@Z    0041a270 f   rendertext.obj
 0001:000194a0       ?stopn@@YAXXZ              0041a4a0 f   savegamedemo.obj
 0001:000194d0       ?fixwrap@@YAXPAUdynent@@0@Z 0041a4d0 f   savegamedemo.obj
 0001:00019560       ?catmulrom@@YAXAAUvec@@000M0@Z 0041a560 f   savegamedemo.obj
 0001:00019760       ?startdemo@@YAXXZ          0041a760 f   savegamedemo.obj
 0001:000197e0       ?readdemotime@@YAXXZ       0041a7e0 f   savegamedemo.obj
 0001:00019860       ?scaletime@@YAHH@Z         0041a860 f   savegamedemo.obj
 0001:00019890       ?stopreset@@YAXXZ          0041a890 f   savegamedemo.obj
 0001:00019900       ?demo@@YAXPAD@Z            0041a900 f   savegamedemo.obj
 0001:00019940       ?demodamage@@YAXHAAUvec@@@Z 0041a940 f   savegamedemo.obj
 0001:00019960       ?record@@YAXPAD@Z          0041a960 f   savegamedemo.obj
 0001:00019a10       ?loadgameout@@YAXXZ        0041aa10 f   savegamedemo.obj
 0001:00019a30       ?loadgame@@YAXPAD@Z        0041aa30 f   savegamedemo.obj
 0001:00019a70       ?loadstate@@YAXPAD@Z       0041aa70 f   savegamedemo.obj
 0001:00019b70       ?savegame@@YAXPAD@Z        0041ab70 f   savegamedemo.obj
 0001:00019be0       ?savestate@@YAXPAD@Z       0041abe0 f   savegamedemo.obj
 0001:00019db0       ?stopifrecording@@YAXXZ    0041adb0 f   savegamedemo.obj
 0001:00019dc0       ?gzgetv@@YAXAAUvec@@@Z     0041adc0 f   savegamedemo.obj
 0001:00019df0       ?gzgeti@@YAHXZ             0041adf0 f   savegamedemo.obj
 0001:00019e20       ?gzget@@YAHXZ              0041ae20 f   savegamedemo.obj
 0001:00019e30       ?gzcheck@@YAXHH@Z          0041ae30 f   savegamedemo.obj
 0001:00019e40       ?gzputv@@YAXAAUvec@@@Z     0041ae40 f   savegamedemo.obj
 0001:00019e60       ?gzputi@@YAXH@Z            0041ae60 f   savegamedemo.obj
 0001:00019e80       ?gzput@@YAXH@Z             0041ae80 f   savegamedemo.obj
 0001:00019e90       ?demoplaybackstep@@YAXXZ   0041ae90 f   savegamedemo.obj
 0001:0001a570       ?demoblend@@YAXH@Z         0041b570 f   savegamedemo.obj
 0001:0001a580       ?stop@@YAXXZ               0041b580 f   savegamedemo.obj
 0001:0001a620       ?incomingdemodata@@YAXPAEH_N@Z 0041b620 f   savegamedemo.obj
 0001:0001a800       ?loadgamerest@@YAXXZ       0041b800 f   savegamedemo.obj
 0001:0001aa60       ?resetserverifempty@@YAXXZ 0041ba60 f   server.obj
 0001:0001ab20       ?checkintermission@@YAXXZ  0041bb20 f   server.obj
 0001:0001ab60       ?addclient@@YAAAUclient@@XZ 0041bb60 f   server.obj
 0001:0001abe0       ?multicast@@YAXPAU_ENetPacket@@H@Z 0041bbe0 f   server.obj
 0001:0001ac50       ?send_welcome@@YAXH@Z      0041bc50 f   server.obj
 0001:0001af10       ?process@@YAXPAU_ENetPacket@@H@Z 0041bf10 f   server.obj
 0001:0001b630       ?vote@@YA_NPADHH@Z         0041c630 f   server.obj
 0001:0001b7d0       ?resetvotes@@YAXXZ         0041c7d0 f   server.obj
 0001:0001b800       ?pickup@@YAXIHH@Z          0041c800 f   server.obj
 0001:0001b840       ?resetitems@@YAXXZ         0041c840 f   server.obj
 0001:0001b860       ?disconnect_client@@YAXHPAD@Z 0041c860 f   server.obj
 0001:0001b8c0       ?sendservmsg@@YAXPAD@Z     0041c8c0 f   server.obj
 0001:0001b9b0       ?send2@@YAX_NHHH@Z         0041c9b0 f   server.obj
 0001:0001bb70       ?send@@YAXHPAU_ENetPacket@@@Z 0041cb70 f   server.obj
 0001:0001bbb0       ?restoreserverstate@@YAXAAU?$vector@Uentity@@@@@Z 0041cbb0 f   server.obj
 0001:0001bbf0       ?startintermission@@YAXXZ  0041cbf0 f   server.obj
 0001:0001bc30       ?cleanupserver@@YAXXZ      0041cc30 f   server.obj
 0001:0001bc40       ?initserver@@YAX_NHPAD111H@Z 0041cc40 f   server.obj
 0001:0001bd90       ?serverslice@@YAXHI@Z      0041cd90 f   server.obj
 0001:0001c270       ?localdisconnect@@YAXXZ    0041d270 f   server.obj
 0001:0001c2b0       ?localconnect@@YAXXZ       0041d2b0 f   server.obj
 0001:0001c300       ?localclienttoserver@@YAXPAU_ENetPacket@@@Z 0041d300 f   server.obj
 0001:0001c330       ?updatefrommaster@@YAXXZ   0041d330 f   serverbrowser.obj
 0001:0001c3c0       ?servermenu@@YAXXZ         0041d3c0 f   serverbrowser.obj
 0001:0001c500       ?sicompare@@YAHPBUserverinfo@@0@Z 0041d500 f   serverbrowser.obj
 0001:0001c550       ?checkpings@@YAXXZ         0041d550 f   serverbrowser.obj
 0001:0001c890       ?checkresolver@@YAXXZ      0041d890 f   serverbrowser.obj
 0001:0001ca00       ?pingservers@@YAXXZ        0041da00 f   serverbrowser.obj
 0001:0001caf0       ?resolvercheck@@YA_NPAPADPAU_ENetAddress@@@Z 0041daf0 f   serverbrowser.obj
 0001:0001cc00       ?resolverquery@@YAXPAD@Z   0041dc00 f   serverbrowser.obj
 0001:0001cc90       ?resolverclear@@YAXXZ      0041dc90 f   serverbrowser.obj
 0001:0001cd60       ?resolverstop@@YAXAAUresolverthread@@_N@Z 0041dd60 f   serverbrowser.obj
 0001:0001cdb0       ?resolverinit@@YAXHH@Z     0041ddb0 f   serverbrowser.obj
 0001:0001ce60       ?resolverloop@@YAHPAX@Z    0041de60 f   serverbrowser.obj
 0001:0001cf90       ?refreshservers@@YAXXZ     0041df90 f   serverbrowser.obj
 0001:0001d100       ?getservername@@YAPADH@Z   0041e100 f   serverbrowser.obj
 0001:0001d110       ?writeservercfg@@YAXXZ     0041e110 f   serverbrowser.obj
 0001:0001d180       ?addserver@@YAXPAD@Z       0041e180 f   serverbrowser.obj
 0001:0001d2f0       ?checkmasterreply@@YAXXZ   0041e2f0 f   serverms.obj
 0001:0001d360       ?updatemasterserver@@YAXH@Z 0041e360 f   serverms.obj
 0001:0001d3d0       ?stripheader@@YAPAEPAE@Z   0041e3d0 f   serverms.obj
 0001:0001d400       ?httpgetrecieve@@YAXAAUENetBuffer@@@Z 0041e400 f   serverms.obj
 0001:0001d4b0       ?httpgetsend@@YAXAAU_ENetAddress@@PAD111@Z 0041e4b0 f   serverms.obj
 0001:0001d6a0       ?retrieveservers@@YAPAEPAEH@Z 0041e6a0 f   serverms.obj
 0001:0001d740       ?serverms@@YAXHHHPADH_N@Z  0041e740 f   serverms.obj
 0001:0001da00       ?servermsinit@@YAXPBDPAD_N@Z 0041ea00 f   serverms.obj
 0001:0001dac0       ?sendmaps@@YAXHQADHPAE@Z   0041eac0 f   serverutil.obj
 0001:0001db70       ?recvmap@@YAPAU_ENetPacket@@H@Z 0041eb70 f   serverutil.obj
 0001:0001dca0       ?getint@@YAHAAPAE@Z        0041eca0 f   serverutil.obj
 0001:0001dd00       ?modestr@@YAPBDH@Z         0041ed00 f   serverutil.obj
 0001:0001dd20       ?msgsizelookup@@YADH@Z     0041ed20 f   serverutil.obj
 0001:0001dd50       ?putint@@YAXAAPAEH@Z       0041ed50 f   serverutil.obj
 0001:0001ddb0       ?sendstring@@YAXPADAAPAE@Z 0041edb0 f   serverutil.obj
 0001:0001de30       ?sound@@YAXH@Z             0041ee30 f   sound.obj
 0001:0001de40       ?newsoundloc@@YAXHPAUvec@@@Z 0041ee40 f   sound.obj
 0001:0001de60       ?updatechanvol@@YAXHPAUvec@@@Z 0041ee60 f   sound.obj
 0001:0001e000       ?registersound@@YAHPAD@Z   0041f000 f   sound.obj
 0001:0001e190       ?music@@YAXPAD@Z           0041f190 f   sound.obj
 0001:0001e2a0       ?stopsound@@YAXXZ          0041f2a0 f   sound.obj
 0001:0001e2e0       ?cleansound@@YAXXZ         0041f2e0 f   sound.obj
 0001:0001e330       ?initsound@@YAXXZ          0041f330 f   sound.obj
 0001:0001e390       ?updatevol@@YAXXZ          0041f390 f   sound.obj
 0001:0001e3e0       ?playsoundc@@YAXH@Z        0041f3e0 f   sound.obj
 0001:0001e400       ?playsound@@YAXHPAUvec@@@Z 0041f400 f   sound.obj
 0001:0001e540       ?allocnext@pool@@QAEXI@Z   0041f540 f   tools.obj
 0001:0001e570       ??0pool@@QAE@XZ            0041f570 f   tools.obj
 0001:0001e5b0       ?endianswap@@YAXPAXHH@Z    0041f5b0 f   tools.obj
 0001:0001e610       ?string@pool@@QAEPADPADI@Z 0041f610 f   tools.obj
 0001:0001e6a0       ?loadfile@@YAPADPADPAH@Z   0041f6a0 f   tools.obj
 0001:0001e730       ?path@@YAPADPAD@Z          0041f730 f   tools.obj
 0001:0001e770       ?gp@@YAPAUpool@@XZ         0041f770 f   tools.obj
 0001:0001e7e0       ?alloc@pool@@QAEPAXI@Z     0041f7e0 f   tools.obj
 0001:0001e840       ?dealloc@pool@@QAEXPAXI@Z  0041f840 f   tools.obj
 0001:0001e870       ?realloc@pool@@QAEPAXPAXII@Z 0041f870 f   tools.obj
 0001:0001e950       ?raydamage@@YAXPAUdynent@@AAUvec@@10H@Z 0041f950 f   weapon.obj
 0001:0001ec60       ?hitpush@@YAXHHPAUdynent@@0AAUvec@@1@Z 0041fc60 f   weapon.obj
 0001:0001ed50       ?splash@@YAXPAUprojectile@@AAUvec@@1HHH@Z 0041fd50 f   weapon.obj
 0001:0001ee50       ?radialeffect@@YAXPAUdynent@@AAUvec@@HH0@Z 0041fe50 f   weapon.obj
 0001:0001efb0       ?hit@@YAXHHPAUdynent@@0@Z  0041ffb0 f   weapon.obj
 0001:0001f060       ?newprojectile@@YAXAAUvec@@0M_NPAUdynent@@H@Z 00420060 f   weapon.obj
 0001:0001f0c0       ?intersect@@YA_NPAUdynent@@AAUvec@@1@Z 004200c0 f   weapon.obj
 0001:0001f240       ?weapon@@YAXPAD00@Z        00420240 f   weapon.obj
 0001:0001f2b0       ?selectgun@@YAXHHH@Z       004202b0 f   weapon.obj
 0001:0001f3b0       ?reloadtime@@YAHH@Z        004203b0 f   weapon.obj
 0001:0001f3c0       ?playerincrosshair@@YAPADXZ 004203c0 f   weapon.obj
 0001:0001f5a0       ?shootv@@YAXHAAUvec@@0PAUdynent@@_N@Z 004205a0 f   weapon.obj
 0001:0001f6a0       ?createrays@@YAXAAUvec@@0@Z 004206a0 f   weapon.obj
 0001:0001f7d0       ?moveprojectiles@@YAXM@Z   004207d0 f   weapon.obj
 0001:0001ffd0       ?shoot@@YAXPAUdynent@@AAUvec@@@Z 00420fd0 f   weapon.obj
 0001:000203d0       ?projreset@@YAXXZ          004213d0 f   weapon.obj
 0001:000203f0       ?newmap@@YAXH@Z            004213f0 f   world.obj
 0001:00020400       ?mapenlarge@@YAXXZ         00421400 f   world.obj
 0001:00020410       ?setupworld@@YAXH@Z        00421410 f   world.obj
 0001:000204f0       ?scalelights@@YAXHH@Z      004214f0 f   world.obj
 0001:00020600       ?scalecomp@@YAXAAEH@Z      00421600 f   world.obj
 0001:00020630       ?clearents@@YAXPAD@Z       00421630 f   world.obj
 0001:000206d0       ?findtype@@YAHPAD@Z        004216d0 f   world.obj
 0001:00020740       ?delent@@YAXXZ             00421740 f   world.obj
 0001:000207c0       ?entproperty@@YAXHH@Z      004217c0 f   world.obj
 0001:00020850       ?settag@@YAXHH@Z           00421850 f   world.obj
 0001:00020960       ?closestent@@YAHXZ         00421960 f   world.obj
 0001:00020a90       ?empty_world@@YAXH_N@Z     00421a90 f   world.obj
 0001:00020db0       ?trigger@@YAXHH_N@Z        00421db0 f   world.obj
 0001:00020e40       ?settagareas@@YAXXZ        00421e40 f   world.obj
 0001:00020e90       ?resettagareas@@YAXXZ      00421e90 f   world.obj
 0001:00020ea0       ?remip@@YAXAAUblock@@H@Z   00421ea0 f   world.obj
 0001:00021360       ?remipmore@@YAXAAUblock@@H@Z 00422360 f   world.obj
 0001:000213c0       ?newentity@@YAPAUentity@@HHHPADHHHH@Z 004223c0 f   world.obj
 0001:00021520       ?findentity@@YAHHH@Z       00422520 f   world.obj
 0001:00021590       ?toptimize@@YAXXZ          00422590 f   worldio.obj
 0001:00021740       ?topt@@YAXPAUsqr@@AA_N1AAH2@Z 00422740 f   worldio.obj
 0001:00021880       ?voptimize@@YAXXZ          00422880 f   worldio.obj
 0001:00021930       ?setnames@@YAXPAD@Z        00422930 f   worldio.obj
 0001:00021ab0       ?backup@@YAXPAD0@Z         00422ab0 f   worldio.obj
 0001:00021ad0       ?writemap@@YAXPADHPAE@Z    00422ad0 f   worldio.obj
 0001:00021b60       ?load_world@@YAXPAD@Z      00422b60 f   worldio.obj
 0001:00022090       ?save_world@@YAXPAD@Z      00423090 f   worldio.obj
 0001:000223f0       ?readmap@@YAPAEPADPAH@Z    004233f0 f   worldio.obj
 0001:00022440       ?postlightarea@@YAXAAUblock@@@Z 00423440 f   worldlight.obj
 0001:000225d0       ?calclightsource@@YAXAAUpersistent_entity@@@Z 004235d0 f   worldlight.obj
 0001:00022720       ?lightray@@YAXMMAAUpersistent_entity@@@Z 00423720 f   worldlight.obj
 0001:00022c70       ?dodynlight@@YAXAAUvec@@0HHPAUdynent@@@Z 00423c70 f   worldlight.obj
 0001:00022db0       ?cleardlights@@YAXXZ       00423db0 f   worldlight.obj
 0001:00022df0       ?blockcopy@@YAPAUblock@@AAU1@@Z 00423df0 f   worldlight.obj
 0001:00022f10       ?blockpaste@@YAXAAUblock@@@Z 00423f10 f   worldlight.obj
 0001:00023000       ?calclight@@YAXXZ          00424000 f   worldlight.obj
 0001:000230d0       ?toggleocull@@YAXXZ        004240d0 f   worldocull.obj
 0001:000230e0       ?isoccluded@@YAHMMMMM@Z    004240e0 f   worldocull.obj
 0001:00023600       ?computeraytable@@YAXMM@Z  00424600 f   worldocull.obj
 0001:00023970       ?distlod@@YAXAAH0HM@Z      00424970 f   worldrender.obj
 0001:000239c0       ?render_seg_new@@YAXMMMHHHHH@Z 004249c0 f   worldrender.obj
 0001:000245d0       ?issemi@@YA_NHHHHHHH@Z     004255d0 f   worldrender.obj
 0001:000246c0       ?render_wall@@YAXPAUsqr@@0HHHHH00_N@Z 004256c0 f   worldrender.obj
 0001:00024970       ?render_world@@YAXMMMHHMHH@Z 00425970 f   worldrender.obj
 0001:00024c9e       __CIatan2                  00425c9e f   msvcrt:MSVCR120.dll
 0001:00024ca4       __libm_sse2_cos_precise    00425ca4 f   msvcrt:MSVCR120.dll
 0001:00024caa       __libm_sse2_sin_precise    00425caa f   msvcrt:MSVCR120.dll
 0001:00024cb0       __libm_sse2_sqrt_precise   00425cb0 f   msvcrt:MSVCR120.dll
 0001:00024cb6       _memcpy                    00425cb6 f   msvcrt:MSVCR120.dll
 0001:00024cbc       _memset                    00425cbc f   msvcrt:MSVCR120.dll
 0002:00000000       __imp__gluBuild2DMipmaps@28 00427000     glu32:GLU32.dll
 0002:00000004       __imp__gluScaleImage@36    00427004     glu32:GLU32.dll
 0002:00000008       __imp__gluDeleteQuadric@4  00427008     glu32:GLU32.dll
 0002:0000000c       __imp__gluSphere@20        0042700c     glu32:GLU32.dll
 0002:00000010       __imp__gluQuadricTexture@8 00427010     glu32:GLU32.dll
 0002:00000014       __imp__gluQuadricOrientation@8 00427014     glu32:GLU32.dll
 0002:00000018       __imp__gluQuadricDrawStyle@8 00427018     glu32:GLU32.dll
 0002:0000001c       __imp__gluNewQuadric@0     0042701c     glu32:GLU32.dll
 0002:00000020       __imp__gluUnProject@48     00427020     glu32:GLU32.dll
 0002:00000024       __imp__gluPerspective@32   00427024     glu32:GLU32.dll
 0002:00000028       \177GLU32_NULL_THUNK_DATA  00427028     glu32:GLU32.dll
 0002:0000002c       __imp__IsDebuggerPresent@0 0042702c     kernel32:KERNEL32.dll
 0002:00000030       __imp__GlobalUnlock@4      00427030     kernel32:KERNEL32.dll
 0002:00000034       __imp__SetPriorityClass@8  00427034     kernel32:KERNEL32.dll
 0002:00000038       __imp__GetCurrentProcess@0 00427038     kernel32:KERNEL32.dll
 0002:0000003c       __imp__EncodePointer@4     0042703c     kernel32:KERNEL32.dll
 0002:00000040       __imp__GetModuleHandleA@4  00427040     kernel32:KERNEL32.dll
 0002:00000044       __imp__IsProcessorFeaturePresent@4 00427044     kernel32:KERNEL32.dll
 0002:00000048       __imp__GlobalLock@4        00427048     kernel32:KERNEL32.dll
 0002:0000004c       __imp__GetSystemTimeAsFileTime@4 0042704c     kernel32:KERNEL32.dll
 0002:00000050       __imp__GetCurrentThreadId@0 00427050     kernel32:KERNEL32.dll
 0002:00000054       __imp__GetCurrentProcessId@0 00427054     kernel32:KERNEL32.dll
 0002:00000058       __imp__QueryPerformanceCounter@4 00427058     kernel32:KERNEL32.dll
 0002:0000005c       __imp__DecodePointer@4     0042705c     kernel32:KERNEL32.dll
 0002:00000060       \177KERNEL32_NULL_THUNK_DATA 00427060     kernel32:KERNEL32.dll
 0002:00000064       __imp___iob                00427064     msvcrt:MSVCR120.dll
 0002:00000068       __imp__fgetc               00427068     msvcrt:MSVCR120.dll
 0002:0000006c       __imp__strrchr             0042706c     msvcrt:MSVCR120.dll
 0002:00000070       __imp____crtTerminateProcess 00427070     msvcrt:MSVCR120.dll
 0002:00000074       __imp____crtUnhandledException 00427074     msvcrt:MSVCR120.dll
 0002:00000078       __imp___crt_debugger_hook  00427078     msvcrt:MSVCR120.dll
 0002:0000007c       __imp___controlfp_s        0042707c     msvcrt:MSVCR120.dll
 0002:00000080       __imp___invoke_watson      00427080     msvcrt:MSVCR120.dll
 0002:00000084       __imp____crtSetUnhandledExceptionFilter 00427084     msvcrt:MSVCR120.dll
 0002:00000088       __imp___except_handler4_common 00427088     msvcrt:MSVCR120.dll
 0002:0000008c       __imp___commode            0042708c     msvcrt:MSVCR120.dll
 0002:00000090       __imp___fmode              00427090     msvcrt:MSVCR120.dll
 0002:00000094       __imp____initenv           00427094     msvcrt:MSVCR120.dll
 0002:00000098       __imp___initterm           00427098     msvcrt:MSVCR120.dll
 0002:0000009c       __imp__memset              0042709c     msvcrt:MSVCR120.dll
 0002:000000a0       __imp____setusermatherr    004270a0     msvcrt:MSVCR120.dll
 0002:000000a4       __imp___configthreadlocale 004270a4     msvcrt:MSVCR120.dll
 0002:000000a8       __imp___cexit              004270a8     msvcrt:MSVCR120.dll
 0002:000000ac       __imp___exit               004270ac     msvcrt:MSVCR120.dll
 0002:000000b0       __imp____set_app_type      004270b0     msvcrt:MSVCR120.dll
 0002:000000b4       __imp____getmainargs       004270b4     msvcrt:MSVCR120.dll
 0002:000000b8       __imp___amsg_exit          004270b8     msvcrt:MSVCR120.dll
 0002:000000bc       __imp___XcptFilter         004270bc     msvcrt:MSVCR120.dll
 0002:000000c0       __imp___onexit             004270c0     msvcrt:MSVCR120.dll
 0002:000000c4       __imp____dllonexit         004270c4     msvcrt:MSVCR120.dll
 0002:000000c8       __imp___calloc_crt         004270c8     msvcrt:MSVCR120.dll
 0002:000000cc       __imp___unlock             004270cc     msvcrt:MSVCR120.dll
 0002:000000d0       __imp___lock               004270d0     msvcrt:MSVCR120.dll
 0002:000000d4       __imp__srand               004270d4     msvcrt:MSVCR120.dll
 0002:000000d8       __imp__fwrite              004270d8     msvcrt:MSVCR120.dll
 0002:000000dc       __imp__rename              004270dc     msvcrt:MSVCR120.dll
 0002:000000e0       __imp__remove              004270e0     msvcrt:MSVCR120.dll
 0002:000000e4       __imp__strpbrk             004270e4     msvcrt:MSVCR120.dll
 0002:000000e8       __imp__ftell               004270e8     msvcrt:MSVCR120.dll
 0002:000000ec       __imp__printf              004270ec     msvcrt:MSVCR120.dll
 0002:000000f0       __imp__sprintf             004270f0     msvcrt:MSVCR120.dll
 0002:000000f4       __imp___CIatan2            004270f4     msvcrt:MSVCR120.dll
 0002:000000f8       __imp___libm_sse2_cos_precise 004270f8     msvcrt:MSVCR120.dll
 0002:000000fc       __imp___libm_sse2_sin_precise 004270fc     msvcrt:MSVCR120.dll
 0002:00000100       __imp___libm_sse2_sqrt_precise 00427100     msvcrt:MSVCR120.dll
 0002:00000104       __imp__memcpy              00427104     msvcrt:MSVCR120.dll
 0002:00000108       __imp_?terminate@@YAXXZ    00427108     msvcrt:MSVCR120.dll
 0002:0000010c       __imp___initterm_e         0042710c     msvcrt:MSVCR120.dll
 0002:00000110       __imp__abort               00427110     msvcrt:MSVCR120.dll
 0002:00000114       __imp__free                00427114     msvcrt:MSVCR120.dll
 0002:00000118       __imp__malloc              00427118     msvcrt:MSVCR120.dll
 0002:0000011c       __imp__rand                0042711c     msvcrt:MSVCR120.dll
 0002:00000120       __imp__perror              00427120     msvcrt:MSVCR120.dll
 0002:00000124       __imp__strncpy             00427124     msvcrt:MSVCR120.dll
 0002:00000128       __imp__fprintf             00427128     msvcrt:MSVCR120.dll
 0002:0000012c       __imp___vsnprintf          0042712c     msvcrt:MSVCR120.dll
 0002:00000130       __imp__atoi                00427130     msvcrt:MSVCR120.dll
 0002:00000134       __imp_??2@YAPAXI@Z         00427134     msvcrt:MSVCR120.dll
 0002:00000138       __imp__strspn              00427138     msvcrt:MSVCR120.dll
 0002:0000013c       __imp__strcspn             0042713c     msvcrt:MSVCR120.dll
 0002:00000140       __imp__strtol              00427140     msvcrt:MSVCR120.dll
 0002:00000144       __imp__strncmp             00427144     msvcrt:MSVCR120.dll
 0002:00000148       __imp__fopen               00427148     msvcrt:MSVCR120.dll
 0002:0000014c       __imp__strstr              0042714c     msvcrt:MSVCR120.dll
 0002:00000150       __imp__fclose              00427150     msvcrt:MSVCR120.dll
 0002:00000154       __imp__puts                00427154     msvcrt:MSVCR120.dll
 0002:00000158       __imp__toupper             00427158     msvcrt:MSVCR120.dll
 0002:0000015c       __imp__exit                0042715c     msvcrt:MSVCR120.dll
 0002:00000160       __imp__calloc              00427160     msvcrt:MSVCR120.dll
 0002:00000164       __imp___time64             00427164     msvcrt:MSVCR120.dll
 0002:00000168       __imp__qsort               00427168     msvcrt:MSVCR120.dll
 0002:0000016c       __imp__realloc             0042716c     msvcrt:MSVCR120.dll
 0002:00000170       __imp__fread               00427170     msvcrt:MSVCR120.dll
 0002:00000174       __imp__fseek               00427174     msvcrt:MSVCR120.dll
 0002:00000178       \177MSVCR120_NULL_THUNK_DATA 00427178     msvcrt:MSVCR120.dll
 0002:0000017c       __imp__glVertex3d@24       0042717c     opengl32:OPENGL32.dll
 0002:00000180       __imp__glColor3fv@4        00427180     opengl32:OPENGL32.dll
 0002:00000184       __imp__glColor3f@12        00427184     opengl32:OPENGL32.dll
 0002:00000188       __imp__glClear@4           00427188     opengl32:OPENGL32.dll
 0002:0000018c       __imp__glClearColor@16     0042718c     opengl32:OPENGL32.dll
 0002:00000190       __imp__glFogfv@8           00427190     opengl32:OPENGL32.dll
 0002:00000194       __imp__glMatrixMode@4      00427194     opengl32:OPENGL32.dll
 0002:00000198       __imp__glTranslated@24     00427198     opengl32:OPENGL32.dll
 0002:0000019c       __imp__glRotated@32        0042719c     opengl32:OPENGL32.dll
 0002:000001a0       __imp__glLoadIdentity@0    004271a0     opengl32:OPENGL32.dll
 0002:000001a4       __imp__glTexEnvf@12        004271a4     opengl32:OPENGL32.dll
 0002:000001a8       __imp__glEnableClientState@4 004271a8     opengl32:OPENGL32.dll
 0002:000001ac       __imp__glTexEnvi@12        004271ac     opengl32:OPENGL32.dll
 0002:000001b0       __imp__glTexParameteri@12  004271b0     opengl32:OPENGL32.dll
 0002:000001b4       __imp__glPixelStorei@8     004271b4     opengl32:OPENGL32.dll
 0002:000001b8       __imp__glEndList@0         004271b8     opengl32:OPENGL32.dll
 0002:000001bc       __imp__glNewList@8         004271bc     opengl32:OPENGL32.dll
 0002:000001c0       __imp__glGetString@4       004271c0     opengl32:OPENGL32.dll
 0002:000001c4       __imp__glCullFace@4        004271c4     opengl32:OPENGL32.dll
 0002:000001c8       __imp__glPolygonOffset@8   004271c8     opengl32:OPENGL32.dll
 0002:000001cc       __imp__glHint@8            004271cc     opengl32:OPENGL32.dll
 0002:000001d0       __imp__glFogf@8            004271d0     opengl32:OPENGL32.dll
 0002:000001d4       __imp__glFogi@8            004271d4     opengl32:OPENGL32.dll
 0002:000001d8       __imp__glShadeModel@4      004271d8     opengl32:OPENGL32.dll
 0002:000001dc       __imp__glDepthFunc@4       004271dc     opengl32:OPENGL32.dll
 0002:000001e0       __imp__glClearDepth@8      004271e0     opengl32:OPENGL32.dll
 0002:000001e4       __imp__glViewport@16       004271e4     opengl32:OPENGL32.dll
 0002:000001e8       __imp__glVertex2f@8        004271e8     opengl32:OPENGL32.dll
 0002:000001ec       __imp__glTexCoord2d@16     004271ec     opengl32:OPENGL32.dll
 0002:000001f0       __imp__glOrtho@48          004271f0     opengl32:OPENGL32.dll
 0002:000001f4       __imp__glLoadMatrixd@4     004271f4     opengl32:OPENGL32.dll
 0002:000001f8       __imp__glTexCoord2f@8      004271f8     opengl32:OPENGL32.dll
 0002:000001fc       __imp__glGetDoublev@8      004271fc     opengl32:OPENGL32.dll
 0002:00000200       __imp__glGetIntegerv@8     00427200     opengl32:OPENGL32.dll
 0002:00000204       __imp__glVertexPointer@16  00427204     opengl32:OPENGL32.dll
 0002:00000208       __imp__glColorPointer@16   00427208     opengl32:OPENGL32.dll
 0002:0000020c       __imp__glTexCoordPointer@16 0042720c     opengl32:OPENGL32.dll
 0002:00000210       __imp__glDepthMask@4       00427210     opengl32:OPENGL32.dll
 0002:00000214       __imp__glEnable@4          00427214     opengl32:OPENGL32.dll
 0002:00000218       __imp__glBlendFunc@8       00427218     opengl32:OPENGL32.dll
 0002:0000021c       __imp__glBindTexture@8     0042721c     opengl32:OPENGL32.dll
 0002:00000220       __imp__glDrawArrays@12     00427220     opengl32:OPENGL32.dll
 0002:00000224       __imp__glDisable@4         00427224     opengl32:OPENGL32.dll
 0002:00000228       __imp__glBegin@4           00427228     opengl32:OPENGL32.dll
 0002:0000022c       __imp__glVertex3f@12       0042722c     opengl32:OPENGL32.dll
 0002:00000230       __imp__glEnd@0             00427230     opengl32:OPENGL32.dll
 0002:00000234       __imp__glLineWidth@4       00427234     opengl32:OPENGL32.dll
 0002:00000238       __imp__glColor3ub@12       00427238     opengl32:OPENGL32.dll
 0002:0000023c       __imp__glColor3d@24        0042723c     opengl32:OPENGL32.dll
 0002:00000240       __imp__glVertex2i@8        00427240     opengl32:OPENGL32.dll
 0002:00000244       __imp__glPolygonMode@8     00427244     opengl32:OPENGL32.dll
 0002:00000248       __imp__glPushMatrix@0      00427248     opengl32:OPENGL32.dll
 0002:0000024c       __imp__glColor4f@16        0042724c     opengl32:OPENGL32.dll
 0002:00000250       __imp__glTranslatef@12     00427250     opengl32:OPENGL32.dll
 0002:00000254       __imp__glRotatef@16        00427254     opengl32:OPENGL32.dll
 0002:00000258       __imp__glScalef@12         00427258     opengl32:OPENGL32.dll
 0002:0000025c       __imp__glCallList@4        0042725c     opengl32:OPENGL32.dll
 0002:00000260       __imp__glPopMatrix@0       00427260     opengl32:OPENGL32.dll
 0002:00000264       __imp__glReadPixels@28     00427264     opengl32:OPENGL32.dll
 0002:00000268       \177OPENGL32_NULL_THUNK_DATA 00427268     opengl32:OPENGL32.dll
 0002:0000026c       __imp__SDL_mutexP          0042726c     SDL:SDL.dll
 0002:00000270       __imp__SDL_CreateThread    00427270     SDL:SDL.dll
 0002:00000274       __imp__SDL_SemPost         00427274     SDL:SDL.dll
 0002:00000278       __imp__SDL_SemTryWait      00427278     SDL:SDL.dll
 0002:0000027c       __imp__SDL_CreateMutex     0042727c     SDL:SDL.dll
 0002:00000280       __imp__SDL_KillThread      00427280     SDL:SDL.dll
 0002:00000284       __imp__SDL_SetModuleHandle 00427284     SDL:SDL.dll
 0002:00000288       __imp__SDL_CreateSemaphore 00427288     SDL:SDL.dll
 0002:0000028c       __imp__SDL_GL_GetProcAddress 0042728c     SDL:SDL.dll
 0002:00000290       __imp__SDL_SemWait         00427290     SDL:SDL.dll
 0002:00000294       __imp__SDL_EnableUNICODE   00427294     SDL:SDL.dll
 0002:00000298       __imp__SDL_GetModState     00427298     SDL:SDL.dll
 0002:0000029c       __imp__SDL_ShowCursor      0042729c     SDL:SDL.dll
 0002:000002a0       __imp__SDL_Quit            004272a0     SDL:SDL.dll
 0002:000002a4       __imp__SDL_GetError        004272a4     SDL:SDL.dll
 0002:000002a8       __imp__SDL_CreateRGBSurface 004272a8     SDL:SDL.dll
 0002:000002ac       __imp__SDL_SaveBMP_RW      004272ac     SDL:SDL.dll
 0002:000002b0       __imp__SDL_RWFromFile      004272b0     SDL:SDL.dll
 0002:000002b4       __imp__SDL_FreeSurface     004272b4     SDL:SDL.dll
 0002:000002b8       __imp__SDL_EnableKeyRepeat 004272b8     SDL:SDL.dll
 0002:000002bc       __imp__SDL_Init            004272bc     SDL:SDL.dll
 0002:000002c0       __imp__SDL_InitSubSystem   004272c0     SDL:SDL.dll
 0002:000002c4       __imp__SDL_GL_SetAttribute 004272c4     SDL:SDL.dll
 0002:000002c8       __imp__SDL_SetVideoMode    004272c8     SDL:SDL.dll
 0002:000002cc       __imp__SDL_WM_SetCaption   004272cc     SDL:SDL.dll
 0002:000002d0       __imp__SDL_WM_GrabInput    004272d0     SDL:SDL.dll
 0002:000002d4       __imp__SDL_GetTicks        004272d4     SDL:SDL.dll
 0002:000002d8       __imp__SDL_Delay           004272d8     SDL:SDL.dll
 0002:000002dc       __imp__SDL_GL_SwapBuffers  004272dc     SDL:SDL.dll
 0002:000002e0       __imp__SDL_PollEvent       004272e0     SDL:SDL.dll
 0002:000002e4       __imp__SDL_SetGamma        004272e4     SDL:SDL.dll
 0002:000002e8       __imp__SDL_mutexV          004272e8     SDL:SDL.dll
 0002:000002ec       \177SDL_NULL_THUNK_DATA    004272ec     SDL:SDL.dll
 0002:000002f0       __imp__IMG_Load            004272f0     SDL_image:SDL_image.dll
 0002:000002f4       \177SDL_image_NULL_THUNK_DATA 004272f4     SDL_image:SDL_image.dll
 0002:000002f8       __imp__Mix_HaltMusic       004272f8     SDL_mixer:SDL_mixer.dll
 0002:000002fc       __imp__Mix_FreeMusic       004272fc     SDL_mixer:SDL_mixer.dll
 0002:00000300       __imp__Mix_OpenAudio       00427300     SDL_mixer:SDL_mixer.dll
 0002:00000304       __imp__Mix_AllocateChannels 00427304     SDL_mixer:SDL_mixer.dll
 0002:00000308       __imp__Mix_LoadMUS         00427308     SDL_mixer:SDL_mixer.dll
 0002:0000030c       __imp__Mix_PlayMusic       0042730c     SDL_mixer:SDL_mixer.dll
 0002:00000310       __imp__Mix_VolumeMusic     00427310     SDL_mixer:SDL_mixer.dll
 0002:00000314       __imp__Mix_CloseAudio      00427314     SDL_mixer:SDL_mixer.dll
 0002:00000318       __imp__Mix_Volume          00427318     SDL_mixer:SDL_mixer.dll
 0002:0000031c       __imp__Mix_SetPanning      0042731c     SDL_mixer:SDL_mixer.dll
 0002:00000320       __imp__Mix_Playing         00427320     SDL_mixer:SDL_mixer.dll
 0002:00000324       __imp__Mix_LoadWAV_RW      00427324     SDL_mixer:SDL_mixer.dll
 0002:00000328       __imp__Mix_PlayChannelTimed 00427328     SDL_mixer:SDL_mixer.dll
 0002:0000032c       \177SDL_mixer_NULL_THUNK_DATA 0042732c     SDL_mixer:SDL_mixer.dll
 0002:00000330       __imp__OpenClipboard@4     00427330     user32:USER32.dll
 0002:00000334       __imp__GetClipboardData@4  00427334     user32:USER32.dll
 0002:00000338       __imp__CloseClipboard@0    00427338     user32:USER32.dll
 0002:0000033c       __imp__MessageBoxA@16      0042733c     user32:USER32.dll
 0002:00000340       __imp__IsClipboardFormatAvailable@4 00427340     user32:USER32.dll
 0002:00000344       \177USER32_NULL_THUNK_DATA 00427344     user32:USER32.dll
 0002:00000348       __imp__timeBeginPeriod@4   00427348     winmm:WINMM.dll
 0002:0000034c       __imp__timeGetTime@0       0042734c     winmm:WINMM.dll
 0002:00000350       __imp__timeEndPeriod@4     00427350     winmm:WINMM.dll
 0002:00000354       \177WINMM_NULL_THUNK_DATA  00427354     winmm:WINMM.dll
 0002:00000358       __imp__WSARecvFrom@36      00427358     ws2_32:WS2_32.dll
 0002:0000035c       __imp__setsockopt@20       0042735c     ws2_32:WS2_32.dll
 0002:00000360       __imp__WSAGetLastError@0   00427360     ws2_32:WS2_32.dll
 0002:00000364       __imp__bind@12             00427364     ws2_32:WS2_32.dll
 0002:00000368       __imp__socket@12           00427368     ws2_32:WS2_32.dll
 0002:0000036c       __imp____WSAFDIsSet@8      0042736c     ws2_32:WS2_32.dll
 0002:00000370       __imp__closesocket@4       00427370     ws2_32:WS2_32.dll
 0002:00000374       __imp__gethostbyaddr@12    00427374     ws2_32:WS2_32.dll
 0002:00000378       __imp__select@20           00427378     ws2_32:WS2_32.dll
 0002:0000037c       __imp__WSAStartup@8        0042737c     ws2_32:WS2_32.dll
 0002:00000380       __imp__connect@12          00427380     ws2_32:WS2_32.dll
 0002:00000384       __imp__ioctlsocket@12      00427384     ws2_32:WS2_32.dll
 0002:00000388       __imp__WSACleanup@0        00427388     ws2_32:WS2_32.dll
 0002:0000038c       __imp__gethostbyname@4     0042738c     ws2_32:WS2_32.dll
 0002:00000390       __imp__listen@8            00427390     ws2_32:WS2_32.dll
 0002:00000394       __imp__WSASendTo@36        00427394     ws2_32:WS2_32.dll
 0002:00000398       __imp__ntohs@4             00427398     ws2_32:WS2_32.dll
 0002:0000039c       __imp__ntohl@4             0042739c     ws2_32:WS2_32.dll
 0002:000003a0       __imp__htonl@4             004273a0     ws2_32:WS2_32.dll
 0002:000003a4       __imp__htons@4             004273a4     ws2_32:WS2_32.dll
 0002:000003a8       \177WS2_32_NULL_THUNK_DATA 004273a8     ws2_32:WS2_32.dll
 0002:000003ac       __imp__gzopen@8            004273ac     zlib:zlib.dll
 0002:000003b0       __imp__gzclose@4           004273b0     zlib:zlib.dll
 0002:000003b4       __imp__gzputc@8            004273b4     zlib:zlib.dll
 0002:000003b8       __imp__gzwrite@12          004273b8     zlib:zlib.dll
 0002:000003bc       __imp__gzread@12           004273bc     zlib:zlib.dll
 0002:000003c0       __imp__gzeof@4             004273c0     zlib:zlib.dll
 0002:000003c4       __imp__gzgetc@4            004273c4     zlib:zlib.dll
 0002:000003c8       \177zlib_NULL_THUNK_DATA   004273c8     zlib:zlib.dll
 0002:000003cc       ___xc_a                    004273cc     msvcrt:cinitexe.obj
 0002:00000654       ___xc_z                    00427654     msvcrt:cinitexe.obj
 0002:00000658       ___xi_a                    00427658     msvcrt:cinitexe.obj
 0002:00000668       ___xi_z                    00427668     msvcrt:cinitexe.obj
 0002:000006b0       ??_C@_0CD@FLEKKJFF@Error?5dispatching?5incoming?5packe@ 004276b0     protocol.obj
 0002:000006d4       ??_C@_0BP@CMCNMCMC@Error?5sending?5outgoing?5packets?$AA@ 004276d4     protocol.obj
 0002:000006f4       ??_C@_0CB@HOPEGIPO@Error?5receiving?5incoming?5packets@ 004276f4     protocol.obj
 0002:00000718       ??_C@_0CH@HDLCKFDP@operation?5not?5available?5in?5multi@ 00427718     client.obj
 0002:00000740       ??_C@_0CO@GFKIMAFK@editing?5in?5multiplayer?5requires?5@ 00427740     client.obj
 0002:00000770       ??_C@_04HCCHHEEF@rate?$AA@ 00427770     client.obj
 0002:00000778       ??_C@_0BC@HEEPLBOG@throttle_interval?$AA@ 00427778     client.obj
 0002:0000078c       ??_C@_0P@GOIDANDD@throttle_accel?$AA@ 0042778c     client.obj
 0002:0000079c       ??_C@_0P@LBAOGJCA@throttle_decel?$AA@ 0042779c     client.obj
 0002:000007ac       ??_C@_04KADBPNCB@team?$AA@ 004277ac     client.obj
 0002:000007b4       ??_C@_04MEMAJGDJ@name?$AA@ 004277b4     client.obj
 0002:000007bc       ??_C@_0BF@PMBKNMNJ@name?5?$CC?$CFs?$CC?6team?5?$CC?$CFs?$CC?6?$AA@ 004277bc     client.obj
 0002:000007d4       ??_C@_0BM@MMFCJBDC@attempting?5to?5connect?5to?5?$CFs?$AA@ 004277d4     client.obj
 0002:000007f0       ??_C@_0BM@GAIBIFNC@could?5not?5resolve?5server?5?$CFs?$AA@ 004277f0     client.obj
 0002:0000080c       ??_C@_0BM@OACHPKED@could?5not?5connect?5to?5server?$AA@ 0042780c     client.obj
 0002:00000828       ??_C@_0N@GGGDBMDO@disconnected?$AA@ 00427828     client.obj
 0002:00000838       ??_C@_0O@GLMIBBEG@not?5connected?$AA@ 00427838     client.obj
 0002:00000848       ??_C@_0BM@JCJFMNM@aborting?5connection?5attempt?$AA@ 00427848     client.obj
 0002:00000864       ??_C@_0BM@KHAAGKOC@attempting?5to?5disconnect?4?4?4?$AA@ 00427864     client.obj
 0002:00000880       ??_C@_07MHMEONI@?$CFs?3?$AM?5?$CFs?$AA@ 00427880     client.obj
 0002:00000888       ??_C@_02DKCKIIND@?$CFs?$AA@ 00427888     client.obj
 0002:0000088c       ??_C@_04OFDNEFMC@echo?$AA@ 0042788c     client.obj
 0002:00000894       ??_C@_03BANJEMDJ@say?$AA@  00427894     client.obj
 0002:00000898       ??_C@_07KAIBNCHO@connect?$AA@ 00427898     client.obj
 0002:000008a0       ??_C@_0L@KKPFIJOL@disconnect?$AA@ 004278a0     client.obj
 0002:000008ac       ??_C@_0CI@ENKCILI@inconsistant?5msg?5size?5for?5?$CFd?5?$CI?$CFd@ 004278ac     client.obj
 0002:000008d4       ??_C@_00CNPNBAHC@?$AA@     004278d4     client.obj
 0002:000008d8       ??_C@_0CD@LAGKCBLK@command?5flood?5protection?5?$CItype?5?$CF@ 004278d8     client.obj
 0002:000008fc       ??_C@_0CH@IGDKLAIL@server?5network?5error?0?5disconnect@ 004278fc     client.obj
 0002:00000924       ??_C@_08NLHBPEGP@password?$AA@ 00427924     client.obj
 0002:00000930       ??_C@_07LFIJDALL@unnamed?$AA@ 00427930     client.obj
 0002:00000938       ??_C@_03FAAAOPJM@red?$AA@  00427938     client.obj
 0002:0000093c       ??_C@_0BJ@NFIAENFO@attempting?5to?5connect?4?4?4?$AA@ 0042793c     client.obj
 0002:00000958       ??_C@_0BE@FHNLFBGA@connected?5to?5server?$AA@ 00427958     client.obj
 0002:0000096c       ??_C@_0N@EMIENNBG@monster?1ogro?$AA@ 0042796c     clientextras.obj
 0002:0000097c       ??_C@_02DPKJAMEF@?$CFd?$AA@ 0042797c     clientextras.obj
 0002:00000980       ??_C@_04ENHBHKMJ@?$CI?$CFs?$CJ?$AA@ 00427980     clientextras.obj
 0002:00000988       ??_C@_03MBBJPJFD@LAG?$AA@  00427988     clientextras.obj
 0002:0000098c       ??_C@_0P@DNBNAGFH@?$CFd?7?$CFs?7?$CFd?7?$CFs?7?$CFs?$AA@ 0042798c     clientextras.obj
 0002:0000099c       ??_C@_0L@OLIBBMMP@?$FL?5?$CFs?3?5?$CFd?5?$FN?$AA@ 0042799c     clientextras.obj
 0002:000009a8       ??_C@_0BM@OEDEFKFJ@map?5?$CFs?5is?5too?5large?5to?5send?$AA@ 004279a8     clientextras.obj
 0002:000009c4       ??_C@_0BM@DHCAAMHI@sending?5map?5?$CFs?5to?5server?4?4?4?$AA@ 004279c4     clientextras.obj
 0002:000009e0       ??_C@_0DE@EKOMANHC@?$FLmap?5?$CFs?5uploaded?5to?5server?0?5?$CCget@ 004279e0     clientextras.obj
 0002:00000a14       ??_C@_0BO@CCEFJPGL@requesting?5map?5from?5server?4?4?4?$AA@ 00427a14     clientextras.obj
 0002:00000a34       ??_C@_07JAKGJNDP@sendmap?$AA@ 00427a34     clientextras.obj
 0002:00000a3c       ??_C@_06NHIPHNDD@getmap?$AA@ 00427a3c     clientextras.obj
 0002:00000a50       ?range@@3PAHA              00427a50     clientextras.obj
 0002:00000aa0       ?frame@@3PAHA              00427aa0     clientextras.obj
 0002:00000af0       ?entmdlnames@@3PAPADA      00427af0     entities.obj
 0002:00000b1c       ?hudgunnames@@3PAPADA      00427b1c     rendergl.obj
 0002:00000b30       ?entnames@@3PAPADA         00427b30     renderextras.obj
 0002:00000b90       ?char_coords@@3PAY03FA     00427b90     rendertext.obj
 0002:00000e90       ?modenames@@3PAPBDA        00427e90     serverutil.obj
 0002:00000ea4       ??_C@_08NKFOLMGC@gamemode?$AA@ 00427ea4     clientgame.obj
 0002:00000eb0       ??_C@_04GMGOKAFF@mode?$AA@ 00427eb0     clientgame.obj
 0002:00000eb8       ??_C@_0M@JFLMCFNC@sensitivity?$AA@ 00427eb8     clientgame.obj
 0002:00000ec4       ??_C@_0BB@CNFCEFCM@sensitivityscale?$AA@ 00427ec4     clientgame.obj
 0002:00000ed8       ??_C@_08BODLGOGL@invmouse?$AA@ 00427ed8     clientgame.obj
 0002:00000ee4       ??_C@_0BN@OFGDGKOL@new?5round?5starting?4?4?4?5fight?$CB?$AA@ 00427ee4     clientgame.obj
 0002:00000f04       ??_C@_0DA@HHKNIMPN@arena?5round?5is?5over?$CB?5next?5round?5@ 00427f04     clientgame.obj
 0002:00000f34       ??_C@_0BN@IKLDFGP@team?5?$CFs?5is?5last?5man?5standing?$AA@ 00427f34     clientgame.obj
 0002:00000f54       ??_C@_0P@DOPPFOAF@everyone?5died?$CB?$AA@ 00427f54     clientgame.obj
 0002:00000f64       ??_C@_0CC@LIMFEOKC@waiting?5for?5new?5round?5to?5start?4?4@ 00427f64     clientgame.obj
 0002:00000f88       ??_C@_05PCJCMMHD@sleep?$AA@ 00427f88     clientgame.obj
 0002:00000f90       ??_C@_0CH@LJEGDCEP@can?8t?5find?5entity?5spawn?5spot?$CB?5?$CI?$CF@ 00427f90     clientgame.obj
 0002:00000fb8       ??_C@_08DBMDPFJD@backward?$AA@ 00427fb8     clientgame.obj
 0002:00000fc4       ??_C@_07CJMBKHEI@forward?$AA@ 00427fc4     clientgame.obj
 0002:00000fcc       ??_C@_04GOOOJOPP@left?$AA@ 00427fcc     clientgame.obj
 0002:00000fd4       ??_C@_05DHJDAOHK@right?$AA@ 00427fd4     clientgame.obj
 0002:00000fdc       ??_C@_04NJIOBGCF@jump?$AA@ 00427fdc     clientgame.obj
 0002:00000fe4       ??_C@_06JMLBDJHL@attack?$AA@ 00427fe4     clientgame.obj
 0002:00000fec       ??_C@_0L@NHHNPEKO@showscores?$AA@ 00427fec     clientgame.obj
 0002:00000ff8       ??_C@_0BG@IBFIAEKI@you?5got?5killed?5by?5?$CFs?$CB?$AA@ 00427ff8     clientgame.obj
 0002:00001010       ??_C@_0O@CHMLBHLN@you?5suicided?$CB?$AA@ 00428010     clientgame.obj
 0002:00001020       ??_C@_0CD@IGABJGEC@you?5got?5fragged?5by?5a?5teammate?5?$CI?$CF@ 00428020     clientgame.obj
 0002:00001044       ??_C@_0BG@DOFPEFBN@you?5got?5fragged?5by?5?$CFs?$AA@ 00428044     clientgame.obj
 0002:0000105c       ??_C@_0O@KOJAFHGL@intermission?3?$AA@ 0042805c     clientgame.obj
 0002:0000106c       ??_C@_0BA@LAOCDKCK@game?5has?5ended?$CB?$AA@ 0042806c     clientgame.obj
 0002:0000107c       ??_C@_0BL@IHGEOKDN@time?5remaining?3?5?$CFd?5minutes?$AA@ 0042807c     clientgame.obj
 0002:00001098       ??_C@_09ONOEJFNM@clientnum?$AA@ 00428098     clientgame.obj
 0002:000010a4       ??_C@_0BK@GCAEJPFL@coop?5sp?5not?5supported?5yet?$AA@ 004280a4     clientgame.obj
 0002:000010c0       ??_C@_09MBCHPELG@gamespeed?$AA@ 004280c0     clientgame.obj
 0002:000010cc       ??_C@_03KJMBPJEB@fog?$AA@  004280cc     clientgame.obj
 0002:000010d0       ??_C@_09KKDACDEI@fogcolour?$AA@ 004280d0     clientgame.obj
 0002:000010dc       ??_C@_0BA@PKEJBEDA@game?5mode?5is?5?$CFs?$AA@ 004280dc     clientgame.obj
 0002:000010ec       ??_C@_03HBNNNHNM@map?$AA@  004280ec     clientgame.obj
 0002:000010f0       ??_C@_0BN@OIBAOKOD@illegal?5network?5message?5?$CI?$CFs?$CJ?$AA@ 004280f0     clients2c.obj
 0002:00001110       ??_C@_0O@DCIADJFE@packet?5length?$AA@ 00428110     clients2c.obj
 0002:00001120       ??_C@_0DO@BNFOIPBN@you?5are?5using?5a?5different?5game?5p@ 00428120     clients2c.obj
 0002:00001160       ??_C@_0DK@JJMKNMHD@you?5need?5to?5set?5the?5correct?5pass@ 00428160     clients2c.obj
 0002:0000119c       ??_C@_0CA@DEKMKMNH@server?5is?5FULL?0?5disconnecting?4?4?$AA@ 0042819c     clients2c.obj
 0002:000011bc       ??_C@_0L@LLJEGCGB@nextmap_?$CFs?$AA@ 004281bc     clients2c.obj
 0002:000011c8       ??_C@_0BG@FECIBIAO@?$CFs?5is?5now?5known?5as?5?$CFs?$AA@ 004281c8     clients2c.obj
 0002:000011e0       ??_C@_0O@HFFMEDJP@connected?3?5?$CFs?$AA@ 004281e0     clients2c.obj
 0002:000011f0       ??_C@_0BG@HNENEPBF@?$FLincompatible?5client?$FN?$AA@ 004281f0     clients2c.obj
 0002:00001208       ??_C@_0BH@HBGOAALC@player?5?$CFs?5disconnected?$AA@ 00428208     clients2c.obj
 0002:00001220       ??_C@_0M@POBOGEHM@?$CFs?5suicided?$AA@ 00428220     clients2c.obj
 0002:0000122c       ??_C@_0BM@BOHBGLEN@you?5fragged?5a?5teammate?5?$CI?$CFs?$CJ?$AA@ 0042822c     clients2c.obj
 0002:00001248       ??_C@_0P@GHGBHPP@you?5fragged?5?$CFs?$AA@ 00428248     clients2c.obj
 0002:00001258       ??_C@_0BN@EAGAHFLK@?$CFs?5fragged?5his?5teammate?5?$CI?$CFs?$CJ?$AA@ 00428258     clients2c.obj
 0002:00001278       ??_C@_0O@EDFLFCKL@?$CFs?5fragged?5?$CFs?$AA@ 00428278     clients2c.obj
 0002:00001288       ??_C@_0CL@KMNLOPGL@received?5map?5?$CC?$CFs?$CC?5from?5server?0?5r@ 00428288     clients2c.obj
 0002:000012b4       ??_C@_04GPMDFGEJ@type?$AA@ 004282b4     clients2c.obj
 0002:000012bc       ??_C@_0CJ@BELNJKOL@cannot?5redefine?5builtin?5?$CFs?5with?5@ 004282bc     command.obj
 0002:000012e8       ??_C@_05NKHOCLEE@alias?$AA@ 004282e8     command.obj
 0002:000012f0       ??_C@_0N@MLMDLNLH@missing?5?$CC?$CFc?$CC?$AA@ 004282f0     command.obj
 0002:00001300       ??_C@_03MEPGMKBP@?5?7?$AN?$AA@ 00428300     command.obj
 0002:00001304       ??_C@_02NCJKDDL@?6?$AA?$AA@ 00428304     command.obj
 0002:00001308       ??_C@_04HNCBCJIN@?$CC?$AN?6?$AA?$AA@ 00428308     command.obj
 0002:00001310       ??_C@_06DNLGOLGF@?$DL?5?7?$AN?6?$AA?$AA@ 00428310     command.obj
 0002:00001318       ??_C@_0BJ@BKLIPAHN@unknown?5alias?5lookup?3?5?$CFs?$AA@ 00428318     command.obj
 0002:00001334       ??_C@_03PEAGNKJF@?$DL?6?$AA?$AA@ 00428334     command.obj
 0002:00001338       ??_C@_0BE@CNMPJHMN@unknown?5command?3?5?$CFs?$AA@ 00428338     command.obj
 0002:0000134c       ??_C@_01CLKCMJKC@?5?$AA@   0042834c     command.obj
 0002:00001350       ??_C@_07DHPDHKIF@?$CFs?5?$DN?5?$CFd?$AA@ 00428350     command.obj
 0002:00001358       ??_C@_0BG@BAIIJJPI@variable?5is?5read?9only?$AA@ 00428358     command.obj
 0002:00001370       ??_C@_0BN@PCLEJOAB@valid?5range?5for?5?$CFs?5is?5?$CFd?4?4?$CFd?$AA@ 00428370     command.obj
 0002:00001390       ??_C@_05JHGBNEBO@arg?$CFd?$AA@ 00428390     command.obj
 0002:00001398       ??_C@_01KMDKNFGN@?1?$AA@   00428398     command.obj
 0002:0000139c       ??_C@_0BE@GEOPOPEN@could?5not?5read?5?$CC?$CFs?$CC?$AA@ 0042839c     command.obj
 0002:000013b0       ??_C@_01NOFIACDB@w?$AA@    004283b0     command.obj
 0002:000013b4       ??_C@_0L@MFNMKHHD@config?4cfg?$AA@ 004283b4     command.obj
 0002:000013c0       ??_C@_0MF@JIBCNEAF@?1?1?5automatically?5written?5on?5exit@ 004283c0     command.obj
 0002:00001488       ??_C@_01EEMJAFIK@?6?$AA@   00428488     command.obj
 0002:0000148c       ??_C@_06JBLMLCKL@?$CFs?5?$CFd?6?$AA@ 0042848c     command.obj
 0002:00001494       ??_C@_08NBICMEHC@nextmap_?$AA@ 00428494     command.obj
 0002:000014a0       ??_C@_0BB@CEIMGEFP@alias?5?$CC?$CFs?$CC?5?$FL?$CFs?$FN?6?$AA@ 004284a0     command.obj
 0002:000014b4       ??_C@_08PDHLHPGD@writecfg?$AA@ 004284b4     command.obj
 0002:000014c0       ??_C@_01KBJDNOO@i?$AA@     004284c0     command.obj
 0002:000014c4       ??_C@_01LKDEMHDF@s?$AA@    004284c4     command.obj
 0002:000014c8       ??_C@_02DIPDGAAN@?5?$AA?$AA@ 004284c8     command.obj
 0002:000014cc       ??_C@_04GKOOIABA@loop?$AA@ 004284cc     command.obj
 0002:000014d4       ??_C@_05OODBEKIG@while?$AA@ 004284d4     command.obj
 0002:000014dc       ??_C@_02HEBPBKGD@if?$AA@   004284dc     command.obj
 0002:000014e0       ??_C@_09HMIAIJHM@onrelease?$AA@ 004284e0     command.obj
 0002:000014ec       ??_C@_04MGEIEJAD@exec?$AA@ 004284ec     command.obj
 0002:000014f4       ??_C@_06CMLIEHFC@concat?$AA@ 004284f4     command.obj
 0002:000014fc       ??_C@_0L@HEEGNNCI@concatword?$AA@ 004284fc     command.obj
 0002:00001508       ??_C@_02CPIDLAI@at?$AA@    00428508     command.obj
 0002:0000150c       ??_C@_07EGMBKCGN@listlen?$AA@ 0042850c     command.obj
 0002:00001514       ??_C@_01MIFGBAGJ@?$CL?$AA@ 00428514     command.obj
 0002:00001518       ??_C@_01NBENCBCI@?$CK?$AA@ 00428518     command.obj
 0002:0000151c       ??_C@_01JOAMLHOP@?9?$AA@   0042851c     command.obj
 0002:00001520       ??_C@_03FEJMGOGI@div?$AA@  00428520     command.obj
 0002:00001524       ??_C@_03FFONCNID@mod?$AA@  00428524     command.obj
 0002:00001528       ??_C@_01NEMOKFLO@?$DN?$AA@ 00428528     command.obj
 0002:0000152c       ??_C@_01MNNFJEPP@?$DM?$AA@ 0042852c     command.obj
 0002:00001530       ??_C@_01PPODPGHN@?$DO?$AA@ 00428530     command.obj
 0002:00001534       ??_C@_06OKBBGPCH@strcmp?$AA@ 00428534     command.obj
 0002:0000153c       ??_C@_03FMFFAAHN@rnd?$AA@  0042853c     command.obj
 0002:00001540       ??_C@_06MJCPFLFL@millis?$AA@ 00428540     command.obj
 0002:00001548       ??_C@_07LBNFLGKM@conskip?$AA@ 00428548     console.obj
 0002:00001550       ??_C@_06OILPNDPG@keymap?$AA@ 00428550     console.obj
 0002:00001558       ??_C@_0BB@LFGCCFPC@unknown?5key?5?$CC?$CFs?$CC?$AA@ 00428558     console.obj
[...]
 0002:000004a0       ___dummy_rndn$initializer$ 004274a0     command.obj
 0002:000004a4       ___dummy_explastmillis$initializer$ 004274a4     command.obj
 0002:000004a8       _conlines$initializer$     004274a8     console.obj
 0002:000004ac       ___dummy_setconskip$initializer$ 004274ac     console.obj
 0002:000004b0       ___dummy_keymap$initializer$ 004274b0     console.obj
 0002:000004b4       ___dummy_bindkey$initializer$ 004274b4     console.obj
 0002:000004b8       ___dummy_saycommand$initializer$ 004274b8     console.obj
 0002:000004bc       ___dummy_mapmsg$initializer$ 004274bc     console.obj
 0002:000004c0       _vhistory$initializer$     004274c0     console.obj
 0002:000004c4       ___dummy_history$initializer$ 004274c4     console.obj
 0002:000004c8       _sel$initializer$          004274c8     editing.obj
 0002:000004cc       _editing$initializer$      004274cc     editing.obj
 0002:000004d0       ___dummy_toggleedit$initializer$ 004274d0     editing.obj
 0002:000004d4       _flrceil$initializer$      004274d4     editing.obj
 0002:000004d8       _undos$initializer$        004274d8     editing.obj
 0002:000004dc       _undomegs$initializer$     004274dc     editing.obj
 0002:000004e0       ___dummy_editheight$initializer$ 004274e0     editing.obj
 0002:000004e4       ___dummy_heightfield$initializer$ 004274e4     editing.obj
 0002:000004e8       ___dummy_solid$initializer$ 004274e8     editing.obj
 0002:000004ec       ___dummy_corner$initializer$ 004274ec     editing.obj
 0002:000004f0       ___dummy_equalize$initializer$ 004274f0     editing.obj
 0002:000004f4       _fullbright$initializer$   004274f4     editing.obj
 0002:000004f8       ___dummy_selectpos$initializer$ 004274f8     editing.obj
 0002:000004fc       ___dummy_edittag$initializer$ 004274fc     editing.obj
 0002:00000500       ___dummy_replace$initializer$ 00427500     editing.obj
 0002:00000504       ___dummy_archvertex$initializer$ 00427504     editing.obj
 0002:00000508       ___dummy_arch$initializer$ 00427508     editing.obj
 0002:0000050c       ___dummy_slope$initializer$ 0042750c     editing.obj
 0002:00000510       ___dummy_setvdelta$initializer$ 00427510     editing.obj
 0002:00000514       ___dummy_editundo$initializer$ 00427514     editing.obj
 0002:00000518       ___dummy_copy$initializer$ 00427518     editing.obj
 0002:0000051c       ___dummy_paste$initializer$ 0042751c     editing.obj
 0002:00000520       ___dummy_edittex$initializer$ 00427520     editing.obj
 0002:00000524       ___dummy_newent$initializer$ 00427524     editing.obj
 0002:00000528       _ents$initializer$         00427528     entities.obj
 0002:0000052c       ___dummy_screenshot$initializer$ 0042752c     main.obj
 0002:00000530       ___dummy_quit$initializer$ 00427530     main.obj
 0002:00000534       _gamespeed$initializer$    00427534     main.obj
 0002:00000538       _minmillis$initializer$    00427538     main.obj
 0002:0000053c       _menus$initializer$        0042753c     menus.obj
 0002:00000540       _menustack$initializer$    00427540     menus.obj
 0002:00000544       ___dummy_menuitem$initializer$ 00427544     menus.obj
 0002:00000548       ___dummy_showmenu$initializer$ 00427548     menus.obj
 0002:0000054c       ___dummy_newmenu$initializer$ 0042754c     menus.obj
 0002:00000550       _monsters$initializer$     00427550     monster.obj
 0002:00000554       _skill$initializer$        00427554     monster.obj
 0002:00000558       _maxroll$initializer$      00427558     physics.obj
 0002:0000055c       ___dummy_showmip$initializer$ 0042755c     rendercubes.obj
 0002:00000560       _lighterror$initializer$   00427560     rendercubes.obj
 0002:00000564       _watersubdiv$initializer$  00427564     rendercubes.obj
 0002:00000568       _waterlevel$initializer$   00427568     rendercubes.obj
 0002:0000056c       ___dummy_loadsky$initializer$ 0042756c     renderextras.obj
 0002:00000570       _crosshairsize$initializer$ 00427570     renderextras.obj
 0002:00000574       _hidestats$initializer$    00427574     renderextras.obj
 0002:00000578       _crosshairfx$initializer$  00427578     renderextras.obj
 0002:0000057c       ___dummy_texturereset$initializer$ 0042757c     rendergl.obj
 0002:00000580       ___dummy_texture$initializer$ 00427580     rendergl.obj
 0002:00000584       _strips$initializer$       00427584     rendergl.obj
 0002:00000588       _gamma$initializer$        00427588     rendergl.obj
 0002:0000058c       _fov$initializer$          0042758c     rendergl.obj
 0002:00000590       _fog$initializer$          00427590     rendergl.obj
 0002:00000594       _fogcolour$initializer$    00427594     rendergl.obj
 0002:00000598       _hudgun$initializer$       00427598     rendergl.obj
 0002:0000059c       _mapmodels$initializer$    0042759c     rendermd2.obj
 0002:000005a0       ___dummy_mapmodel$initializer$ 004275a0     rendermd2.obj
 0002:000005a4       ___dummy_mapmodelreset$initializer$ 004275a4     rendermd2.obj
 0002:000005a8       _maxparticles$initializer$ 004275a8     renderparticles.obj
 0002:000005ac       _demotracking$initializer$ 004275ac     renderparticles.obj
 0002:000005b0       _particlesize$initializer$ 004275b0     renderparticles.obj
 0002:000005b4       _playerhistory$initializer$ 004275b4     savegamedemo.obj
 0002:000005b8       _demoplaybackspeed$initializer$ 004275b8     savegamedemo.obj
 0002:000005bc       _demodelaymsec$initializer$ 004275bc     savegamedemo.obj
 0002:000005c0       ___dummy_record$initializer$ 004275c0     savegamedemo.obj
 0002:000005c4       ___dummy_demo$initializer$ 004275c4     savegamedemo.obj
 0002:000005c8       ___dummy_stopn$initializer$ 004275c8     savegamedemo.obj
 0002:000005cc       ___dummy_savegame$initializer$ 004275cc     savegamedemo.obj
 0002:000005d0       ___dummy_loadgame$initializer$ 004275d0     savegamedemo.obj
 0002:000005d4       _clients$initializer$      004275d4     server.obj
 0002:000005d8       _sents$initializer$        004275d8     server.obj
 0002:000005dc       _resolverthreads$initializer$ 004275dc     serverbrowser.obj
 0002:000005e0       _resolverqueries$initializer$ 004275e0     serverbrowser.obj
 0002:000005e4       _resolverresults$initializer$ 004275e4     serverbrowser.obj
 0002:000005e8       _servers$initializer$      004275e8     serverbrowser.obj
 0002:000005ec       ___dummy_addserver$initializer$ 004275ec     serverbrowser.obj
 0002:000005f0       ___dummy_servermenu$initializer$ 004275f0     serverbrowser.obj
 0002:000005f4       ___dummy_updatefrommaster$initializer$ 004275f4     serverbrowser.obj
 0002:000005f8       _soundvol$initializer$     004275f8     sound.obj
 0002:000005fc       _musicvol$initializer$     004275fc     sound.obj
 0002:00000600       _soundbufferlen$initializer$ 00427600     sound.obj
 0002:00000604       ___dummy_music$initializer$ 00427604     sound.obj
 0002:00000608       _samples$initializer$      00427608     sound.obj
 0002:0000060c       _snames$initializer$       0042760c     sound.obj
 0002:00000610       ___dummy_registersound$initializer$ 00427610     sound.obj
 0002:00000614       _stereo$initializer$       00427614     sound.obj
 0002:00000618       ___dummy_sound$initializer$ 00427618     sound.obj
 0002:0000061c       ___dummy_weapon$initializer$ 0042761c     weapon.obj
 0002:00000620       ___dummy_trigger$initializer$ 00427620     world.obj
 0002:00000624       ___dummy_clearents$initializer$ 00427624     world.obj
 0002:00000628       ___dummy_scalelights$initializer$ 00427628     world.obj
 0002:0000062c       ___dummy_mapenlarge$initializer$ 0042762c     world.obj
 0002:00000630       ___dummy_newmap$initializer$ 00427630     world.obj
 0002:00000634       ___dummy_calclight$initializer$ 00427634     world.obj
 0002:00000638       ___dummy_delent$initializer$ 00427638     world.obj
 0002:0000063c       ___dummy_entproperty$initializer$ 0042763c     world.obj
 0002:00000640       ___dummy_save_world$initializer$ 00427640     worldio.obj
 0002:00000644       _lightscale$initializer$   00427644     worldlight.obj
 0002:00000648       _dynlight$initializer$     00427648     worldlight.obj
 0002:0000064c       _dlights$initializer$      0042764c     worldlight.obj
 0002:00000650       ___dummy_toggleocull$initializer$ 00427650     worldocull.obj
 0002:0000065c       _pcinit                    0042765c     msvcrt:crtexe.obj
 0002:00000660       _pinit                     00427660     msvcrt:atonexit.obj
 0002:00000664       _pinit                     00427664     msvcrt:crtexe.obj
 0002:000006a8       _GS_ExceptionPointers      004276a8     msvcrt:gs_report.obj
 0002:00000b18       _TEXTURESCALE              00427b18     rendercubes.obj
 0002:00000b8c       _RL_DAMRAD                 00427b8c     weapon.obj
 0002:00000e9c       _RL_RADIUS                 00427e9c     weapon.obj
 0002:00000ea0       _SGSPREAD                  00427ea0     weapon.obj
 0002:00003700       __sehtable$__onexit        0042a700     msvcrt:atonexit.obj
 0002:00003720       __sehtable$___tmainCRTStartup 0042a720     msvcrt:crtexe.obj
 0002:00003740       __sehtable$__IsNonwritableInCurrentImage 0042a740     msvcrt:pesect.obj
 0002:00003c18       .idata$6                   0042ac18     zlib:zlib.dll
 0002:00003f66       .idata$6                   0042af66     opengl32:OPENGL32.dll
 0002:0000402c       .idata$6                   0042b02c     glu32:GLU32.dll
 0002:0000417c       .idata$6                   0042b17c     msvcrt:MSVCR120.dll
 0002:00004576       .idata$6                   0042b576     SDL:SDL.dll
 0002:0000458a       .idata$6                   0042b58a     SDL_image:SDL_image.dll
 0002:000045b2       .idata$6                   0042b5b2     ws2_32:WS2_32.dll
 0002:000045ee       .idata$6                   0042b5ee     winmm:WINMM.dll
 0002:000046da       .idata$6                   0042b6da     SDL_mixer:SDL_mixer.dll
 0002:000047f2       .idata$6                   0042b7f2     kernel32:KERNEL32.dll
 0002:00004862       .idata$6                   0042b862     user32:USER32.dll
 0003:00000060       _callbacks                 0042c060     callbacks.obj
 0003:00000350       ?fps@?CA@??SDL_main@@9@4MA 0042c350     main.obj
 0003:00000354       ?displaylistn@?N@??render@md2@@QAEXAAUvec@@HHMMMMMMMHH@Z@4HA 0042c354     rendermd2.obj
 0003:00000360       _has_cctor                 0042c360     msvcrt:crtexe.obj
 0003:00000364       _mainret                   0042c364     msvcrt:crtexe.obj
 0003:00000368       _managedapp                0042c368     msvcrt:crtexe.obj
 0003:0000036c       _argc                      0042c36c     msvcrt:crtexe.obj
 0003:00000370       _argv                      0042c370     msvcrt:crtexe.obj
 0003:00000374       _envp                      0042c374     msvcrt:crtexe.obj
 0003:00000378       _argret                    0042c378     msvcrt:crtexe.obj
 0003:0000037c       _startinfo                 0042c37c     msvcrt:crtexe.obj
 0003:00000390       _GS_ExceptionRecord        0042c390     msvcrt:gs_report.obj
 0003:000003e0       _GS_ContextRecord          0042c3e0     msvcrt:gs_report.obj
 0003:000006ac       _DebuggerWasPresent        0042c6ac     msvcrt:gs_report.obj
 0003:000006b0       _stdoutPath                0042c6b0     SDLmain:SDL_win32_main.obj
 0003:000007b8       _stderrPath                0042c7b8     SDLmain:SDL_win32_main.obj
 0003:000008c0       _timeBase                  0042c8c0     win32.obj
 0003:000d17cc       _rate                      004fd7cc     client.obj
 0003:000d17d0       _throttle_interval         004fd7d0     client.obj
 0003:000d17d4       _throttle_accel            004fd7d4     client.obj
 0003:000d17d8       _throttle_decel            004fd7d8     client.obj
 0003:000d17dc       ___dummy_newteam           004fd7dc     client.obj
 0003:000d17dd       ___dummy_newname           004fd7dd     client.obj
 0003:000d17de       ___dummy_echo              004fd7de     client.obj
 0003:000d17df       ___dummy_toserver          004fd7df     client.obj
 0003:000d17e0       ___dummy_connects          004fd7e0     client.obj
 0003:000d17e1       ___dummy_trydisconnect     004fd7e1     client.obj
 0003:000d17e2       ___dummy_password          004fd7e2     client.obj
 0003:000d17e3       ___dummy_sendmap           004fd7e3     clientextras.obj
 0003:000d17e4       ___dummy_getmap            004fd7e4     clientextras.obj
 0003:000d17e5       ___dummy_mode              004fd7e5     clientgame.obj
 0003:000d17e6       ___dummy_sleepf            004fd7e6     clientgame.obj
 0003:000d17e7       ___dummy_backward          004fd7e7     clientgame.obj
 0003:000d182c       ___dummy_forward           004fd82c     clientgame.obj
 0003:000d182d       ___dummy_left              004fd82d     clientgame.obj
 0003:000d182e       ___dummy_right             004fd82e     clientgame.obj
 0003:000d182f       ___dummy_jumpn             004fd82f     clientgame.obj
 0003:000d1830       ___dummy_attack            004fd830     clientgame.obj
 0003:000d1831       ___dummy_showscores        004fd831     clientgame.obj
 0003:000d1832       ___dummy_changemap         004fd832     clientgame.obj
 0003:000d1833       ___dummy_alias             004fd833     command.obj
 0003:000d1834       ___dummy_writecfg          004fd834     command.obj
 0003:000d1835       ___dummy_loopa             004fd835     command.obj
 0003:000d1836       ___dummy_whilea            004fd836     command.obj
 0003:000d1837       ___dummy_ifthen            004fd837     command.obj
 0003:000d1838       ___dummy_onrelease         004fd838     command.obj
 0003:000d1839       ___dummy_exec              004fd839     command.obj
 0003:000d183a       ___dummy_concat            004fd83a     command.obj
 0003:000d183b       ___dummy_concatword        004fd83b     command.obj
 0003:000d183c       ___dummy_at                004fd83c     command.obj
 0003:000d183d       ___dummy_listlen           004fd83d     command.obj
 0003:000d183e       ___dummy_add               004fd83e     command.obj
 0003:000d183f       ___dummy_mul               004fd83f     command.obj
 0003:000d1840       ___dummy_sub               004fd840     command.obj
 0003:000d1841       ___dummy_divi              004fd841     command.obj
 0003:000d1842       ___dummy_mod               004fd842     command.obj
 0003:000d1843       ___dummy_equal             004fd843     command.obj
 0003:000d1844       ___dummy_lt                004fd844     command.obj
 0003:000d1845       ___dummy_gt                004fd845     command.obj
 0003:000d1846       ___dummy_strcmpa           004fd846     command.obj
 0003:000d1847       ___dummy_rndn              004fd847     command.obj
 0003:000d1848       ___dummy_explastmillis     004fd848     command.obj
 0003:000d1849       ___dummy_setconskip        004fd849     console.obj
 0003:000d184a       ___dummy_keymap            004fd84a     console.obj
 0003:000d184b       ___dummy_bindkey           004fd84b     console.obj
 0003:000d184c       ___dummy_saycommand        004fd84c     console.obj
 0003:000d184d       ___dummy_mapmsg            004fd84d     console.obj
 0003:000d184e       ___dummy_history           004fd84e     console.obj
 0003:000d184f       ___dummy_toggleedit        004fd84f     editing.obj
 0003:000d187c       ___dummy_editheight        004fd87c     editing.obj
 0003:000d187d       ___dummy_heightfield       004fd87d     editing.obj
 0003:000d187e       ___dummy_solid             004fd87e     editing.obj
 0003:000d187f       ___dummy_corner            004fd87f     editing.obj
 0003:000d1890       ___dummy_equalize          004fd890     editing.obj
 0003:000d1891       ___dummy_selectpos         004fd891     editing.obj
 0003:000d1892       ___dummy_edittag           004fd892     editing.obj
 0003:000d1893       ___dummy_replace           004fd893     editing.obj
 0003:000d1894       _fullbright                004fd894     editing.obj
 0003:000d1898       ___dummy_archvertex        004fd898     editing.obj
 0003:000d1899       ___dummy_arch              004fd899     editing.obj
 0003:000d189a       ___dummy_slope             004fd89a     editing.obj
 0003:000d189b       ___dummy_setvdelta         004fd89b     editing.obj
 0003:000d189c       ___dummy_editundo          004fd89c     editing.obj
 0003:000d189d       ___dummy_copy              004fd89d     editing.obj
 0003:000d189e       ___dummy_paste             004fd89e     editing.obj
 0003:000d189f       ___dummy_edittex           004fd89f     editing.obj
 0003:000d18a0       ___dummy_newent            004fd8a0     editing.obj
 0003:000d18a1       ___dummy_screenshot        004fd8a1     main.obj
 0003:000d18a2       ___dummy_quit              004fd8a2     main.obj
 0003:000d18a3       ___dummy_menuitem          004fd8a3     menus.obj
 0003:000d18a4       _gamespeed                 004fd8a4     main.obj
 0003:000d18ac       ___dummy_showmenu          004fd8ac     menus.obj
 0003:000d18ad       ___dummy_newmenu           004fd8ad     menus.obj
 0003:000d18ae       ___dummy_showmip           004fd8ae     rendercubes.obj
 0003:000d18af       ___dummy_loadsky           004fd8af     renderextras.obj
 0003:000d18f0       _skill                     004fd8f0     monster.obj
 0003:000d1900       _waterlevel                004fd900     rendercubes.obj
 0003:000d1910       ___dummy_texturereset      004fd910     rendergl.obj
 0003:000d1911       ___dummy_texture           004fd911     rendergl.obj
 0003:000d1912       ___dummy_mapmodel          004fd912     rendermd2.obj
 0003:000d1913       ___dummy_mapmodelreset     004fd913     rendermd2.obj
 0003:000d1914       _gamma                     004fd914     rendergl.obj
 0003:000d195c       ___dummy_stopn             004fd95c     savegamedemo.obj
 0003:000d195d       ___dummy_demo              004fd95d     savegamedemo.obj
 0003:000d195e       ___dummy_savegame          004fd95e     savegamedemo.obj
 0003:000d195f       ___dummy_loadgame          004fd95f     savegamedemo.obj
 0003:000d1970       ___dummy_record            004fd970     savegamedemo.obj
 0003:000d1971       ___dummy_servermenu        004fd971     serverbrowser.obj
 0003:000d1972       ___dummy_updatefrommaster  004fd972     serverbrowser.obj
 0003:000d1973       ___dummy_addserver         004fd973     serverbrowser.obj
 0003:000d19e0       ___dummy_music             004fd9e0     sound.obj
 0003:000d19e1       ___dummy_registersound     004fd9e1     sound.obj
 0003:000d19e2       ___dummy_sound             004fd9e2     sound.obj
 0003:000d19e3       ___dummy_weapon            004fd9e3     weapon.obj
 0003:000d19e8       ___dummy_trigger           004fd9e8     world.obj
 0003:000d19e9       ___dummy_clearents         004fd9e9     world.obj
 0003:000d19ea       ___dummy_scalelights       004fd9ea     world.obj
 0003:000d19eb       ___dummy_mapenlarge        004fd9eb     world.obj
 0003:000d19ec       ___dummy_newmap            004fd9ec     world.obj
 0003:000d19ed       ___dummy_calclight         004fd9ed     world.obj
 0003:000d19ee       ___dummy_delent            004fd9ee     world.obj
 0003:000d19ef       ___dummy_entproperty       004fd9ef     world.obj
 0003:000d1a10       ___dummy_save_world        004fda10     worldio.obj
 0003:000d1a11       ___dummy_toggleocull       004fda11     worldocull.obj
 0003:000d1a30       _timeCurrent               004fda30     protocol.obj
 0003:000d1a50       ?rec@?1??history@@YAXH@Z@4_NA 004fda50     console.obj
 0003:000d1a54       ?lastjumppad@?BF@??pickup@@YAXHPAUdynent@@@Z@4HA 004fda54     entities.obj
 0003:000d1a58       ?lastteleport@?BC@??pickup@@YAXHPAUdynent@@@Z@4HA 004fda58     entities.obj
 0003:000d1a60       ?lastsky@?1??loadsky@@YAXPAD@Z@4PADA 004fda60     renderextras.obj
 0003:000d1b64       ?p@?1??gp@@YAPAUpool@@XZ@4PAU2@A 004fdb64     tools.obj
 0004:00000060       $R000000                   004fe060     * linker generated manifest res *

 Exports

  ordinal    name

